[    0.000000] Linux version 4.15.0-140-generic (buildd@lgw01-amd64-054) (gcc version 7.5.0 (Ubuntu 7.5.0-3ubuntu1~18.04)) #144-Ubuntu SMP Fri Mar 19 14:12:35 UTC 2021 (Ubuntu 4.15.0-140.144-generic 4.15.18)
[    0.000000] Command line: BOOT_IMAGE=/boot/vmlinuz-4.15.0-140-generic root=UUID=d2c19aaf-d33b-49cb-84af-045694514743 ro console=tty1 console=ttyS0
[    0.000000] KERNEL supported cpus:
[    0.000000]   Intel GenuineIntel
[    0.000000]   AMD AuthenticAMD
[    0.000000]   Centaur CentaurHauls
[    0.000000] x86/fpu: Supporting XSAVE feature 0x001: 'x87 floating point registers'
[    0.000000] x86/fpu: Supporting XSAVE feature 0x002: 'SSE registers'
[    0.000000] x86/fpu: Supporting XSAVE feature 0x004: 'AVX registers'
[    0.000000] x86/fpu: xstate_offset[2]:  576, xstate_sizes[2]:  256
[    0.000000] x86/fpu: Enabled xstate features 0x7, context size is 832 bytes, using 'standard' format.
[    0.000000] e820: BIOS-provided physical RAM map:
[    0.000000] BIOS-e820: [mem 0x0000000000000000-0x000000000009fbff] usable
[    0.000000] BIOS-e820: [mem 0x000000000009fc00-0x000000000009ffff] reserved
[    0.000000] BIOS-e820: [mem 0x00000000000f0000-0x00000000000fffff] reserved
[    0.000000] BIOS-e820: [mem 0x0000000000100000-0x000000003ffeffff] usable
[    0.000000] BIOS-e820: [mem 0x000000003fff0000-0x000000003fffffff] ACPI data
[    0.000000] BIOS-e820: [mem 0x00000000fec00000-0x00000000fec00fff] reserved
[    0.000000] BIOS-e820: [mem 0x00000000fee00000-0x00000000fee00fff] reserved
[    0.000000] BIOS-e820: [mem 0x00000000fffc0000-0x00000000ffffffff] reserved
[    0.000000] NX (Execute Disable) protection: active
[    0.000000] SMBIOS 2.5 present.
[    0.000000] DMI: innotek GmbH VirtualBox/VirtualBox, BIOS VirtualBox 12/01/2006
[    0.000000] Hypervisor detected: KVM
[    0.000000] e820: last_pfn = 0x3fff0 max_arch_pfn = 0x400000000
[    0.000000] MTRR: Disabled
[    0.000000] x86/PAT: MTRRs disabled, skipping PAT initialization too.
[    0.000000] CPU MTRRs all blank - virtualized system.
[    0.000000] x86/PAT: Configuration [0-7]: WB  WT  UC- UC  WB  WT  UC- UC  
[    0.000000] found SMP MP-table at [mem 0x0009fff0-0x0009ffff]
[    0.000000] Scanning 1 areas for low memory corruption
[    0.000000] RAMDISK: [mem 0x35959000-0x36ca3fff]
[    0.000000] ACPI: Early table checksum verification disabled
[    0.000000] ACPI: RSDP 0x00000000000E0000 000024 (v02 VBOX  )
[    0.000000] ACPI: XSDT 0x000000003FFF0030 00003C (v01 VBOX   VBOXXSDT 00000001 ASL  00000061)
[    0.000000] ACPI: FACP 0x000000003FFF00F0 0000F4 (v04 VBOX   VBOXFACP 00000001 ASL  00000061)
[    0.000000] ACPI: DSDT 0x000000003FFF0470 002325 (v02 VBOX   VBOXBIOS 00000002 INTL 20190509)
[    0.000000] ACPI: FACS 0x000000003FFF0200 000040
[    0.000000] ACPI: FACS 0x000000003FFF0200 000040
[    0.000000] ACPI: APIC 0x000000003FFF0240 000054 (v02 VBOX   VBOXAPIC 00000001 ASL  00000061)
[    0.000000] ACPI: SSDT 0x000000003FFF02A0 0001CC (v01 VBOX   VBOXCPUT 00000002 INTL 20190509)
[    0.000000] No NUMA configuration found
[    0.000000] Faking a node at [mem 0x0000000000000000-0x000000003ffeffff]
[    0.000000] NODE_DATA(0) allocated [mem 0x3ffc5000-0x3ffeffff]
[    0.000000] kvm-clock: cpu 0, msr 0:3ff44001, primary cpu clock
[    0.000000] kvm-clock: Using msrs 4b564d01 and 4b564d00
[    0.000000] kvm-clock: using sched offset of 3574384551 cycles
[    0.000000] clocksource: kvm-clock: mask: 0xffffffffffffffff max_cycles: 0x1cd42e4dffb, max_idle_ns: 881590591483 ns
[    0.000000] Zone ranges:
[    0.000000]   DMA      [mem 0x0000000000001000-0x0000000000ffffff]
[    0.000000]   DMA32    [mem 0x0000000001000000-0x000000003ffeffff]
[    0.000000]   Normal   empty
[    0.000000]   Device   empty
[    0.000000] Movable zone start for each node
[    0.000000] Early memory node ranges
[    0.000000]   node   0: [mem 0x0000000000001000-0x000000000009efff]
[    0.000000]   node   0: [mem 0x0000000000100000-0x000000003ffeffff]
[    0.000000] Reserved but unavailable: 98 pages
[    0.000000] Initmem setup node 0 [mem 0x0000000000001000-0x000000003ffeffff]
[    0.000000] ACPI: PM-Timer IO Port: 0x4008
[    0.000000] IOAPIC[0]: apic_id 1, version 32, address 0xfec00000, GSI 0-23
[    0.000000] ACPI: INT_SRC_OVR (bus 0 bus_irq 0 global_irq 2 dfl dfl)
[    0.000000] ACPI: INT_SRC_OVR (bus 0 bus_irq 9 global_irq 9 low level)
[    0.000000] Using ACPI (MADT) for SMP configuration information
[    0.000000] smpboot: Allowing 1 CPUs, 0 hotplug CPUs
[    0.000000] PM: Registered nosave memory: [mem 0x00000000-0x00000fff]
[    0.000000] PM: Registered nosave memory: [mem 0x0009f000-0x0009ffff]
[    0.000000] PM: Registered nosave memory: [mem 0x000a0000-0x000effff]
[    0.000000] PM: Registered nosave memory: [mem 0x000f0000-0x000fffff]
[    0.000000] e820: [mem 0x40000000-0xfebfffff] available for PCI devices
[    0.000000] Booting paravirtualized kernel on KVM
[    0.000000] clocksource: refined-jiffies: mask: 0xffffffff max_cycles: 0xffffffff, max_idle_ns: 7645519600211568 ns
[    0.000000] random: get_random_bytes called from start_kernel+0x99/0x500 with crng_init=0
[    0.000000] setup_percpu: NR_CPUS:8192 nr_cpumask_bits:1 nr_cpu_ids:1 nr_node_ids:1
[    0.000000] percpu: Embedded 45 pages/cpu s147456 r8192 d28672 u2097152
[    0.000000] PV qspinlock hash table entries: 256 (order: 0, 4096 bytes)
[    0.000000] Built 1 zonelists, mobility grouping on.  Total pages: 257913
[    0.000000] Policy zone: DMA32
[    0.000000] Kernel command line: BOOT_IMAGE=/boot/vmlinuz-4.15.0-140-generic root=UUID=d2c19aaf-d33b-49cb-84af-045694514743 ro console=tty1 console=ttyS0
[    0.000000] Memory: 982668K/1048120K available (12300K kernel code, 2483K rwdata, 4276K rodata, 2440K init, 2724K bss, 65452K reserved, 0K cma-reserved)
[    0.000000] SLUB: HWalign=64, Order=0-3, MinObjects=0, CPUs=1, Nodes=1
[    0.000000] Kernel/User page tables isolation: enabled
[    0.000000] ftrace: allocating 39429 entries in 155 pages
[    0.004000] Hierarchical RCU implementation.
[    0.004000] 	RCU restricting CPUs from NR_CPUS=8192 to nr_cpu_ids=1.
[    0.004000] 	Tasks RCU enabled.
[    0.004000] RCU: Adjusting geometry for rcu_fanout_leaf=16, nr_cpu_ids=1
[    0.004000] NR_IRQS: 524544, nr_irqs: 256, preallocated irqs: 16
[    0.004000] Console: colour VGA+ 80x25
[    0.004000] console [tty1] enabled
[    0.004000] console [ttyS0] enabled
[    0.004000] ACPI: Core revision 20170831
[    0.004000] ACPI: 2 ACPI AML tables successfully acquired and loaded
[    0.004000] APIC: Switch to symmetric I/O mode setup
[    0.004000] x2apic enabled
[    0.004000] Switched APIC routing to physical x2apic.
[    0.004000] ..TIMER: vector=0x30 apic1=0 pin1=2 apic2=-1 pin2=-1
[    0.004003] tsc: Detected 2807.974 MHz processor
[    0.004638] Calibrating delay loop (skipped) preset value.. 5615.94 BogoMIPS (lpj=11231896)
[    0.005201] pid_max: default: 32768 minimum: 301
[    0.005949] Security Framework initialized
[    0.006520] Yama: becoming mindful.
[    0.008030] AppArmor: AppArmor initialized
[    0.009556] Dentry cache hash table entries: 131072 (order: 8, 1048576 bytes)
[    0.010823] Inode-cache hash table entries: 65536 (order: 7, 524288 bytes)
[    0.011824] Mount-cache hash table entries: 2048 (order: 2, 16384 bytes)
[    0.012010] Mountpoint-cache hash table entries: 2048 (order: 2, 16384 bytes)
[    0.013307] process: using mwait in idle threads
[    0.014022] Last level iTLB entries: 4KB 64, 2MB 8, 4MB 8
[    0.014721] Last level dTLB entries: 4KB 64, 2MB 0, 4MB 0, 1GB 4
[    0.016003] Spectre V1 : Mitigation: usercopy/swapgs barriers and __user pointer sanitization
[    0.017733] Spectre V2 : Mitigation: Full generic retpoline
[    0.018485] Spectre V2 : Spectre v2 / SpectreRSB mitigation: Filling RSB on context switch
[    0.019495] Speculative Store Bypass: Vulnerable
[    0.020041] SRBDS: Unknown: Dependent on hypervisor status
[    0.020717] MDS: Mitigation: Clear CPU buffers
[    0.035321] Freeing SMP alternatives memory: 36K
[    0.146675] smpboot: CPU0: Intel(R) Core(TM) i7-7700HQ CPU @ 2.80GHz (family: 0x6, model: 0x9e, stepping: 0x9)
[    0.148000] Performance Events: unsupported p6 CPU model 158 no PMU driver, software events only.
[    0.148000] Hierarchical SRCU implementation.
[    0.148304] NMI watchdog: Perf event create on CPU 0 failed with -2
[    0.149113] NMI watchdog: Perf NMI watchdog permanently disabled
[    0.149900] smp: Bringing up secondary CPUs ...
[    0.150487] smp: Brought up 1 node, 1 CPU
[    0.151012] smpboot: Max logical packages: 1
[    0.151651] smpboot: Total of 1 processors activated (5615.94 BogoMIPS)
[    0.152104] devtmpfs: initialized
[    0.153284] x86/mm: Memory block size: 128MB
[    0.154221] evm: security.selinux
[    0.154711] evm: security.SMACK64
[    0.155227] evm: security.SMACK64EXEC
[    0.156004] evm: security.SMACK64TRANSMUTE
[    0.156522] evm: security.SMACK64MMAP
[    0.157164] evm: security.apparmor
[    0.157909] evm: security.ima
[    0.158311] evm: security.capability
[    0.158908] clocksource: jiffies: mask: 0xffffffff max_cycles: 0xffffffff, max_idle_ns: 7645041785100000 ns
[    0.160040] futex hash table entries: 256 (order: 2, 16384 bytes)
[    0.161202] pinctrl core: initialized pinctrl subsystem
[    0.164158] RTC time: 16:00:03, date: 04/05/21
[    0.164979] NET: Registered protocol family 16
[    0.165722] audit: initializing netlink subsys (disabled)
[    0.166538] cpuidle: using governor ladder
[    0.167064] cpuidle: using governor menu
[    0.168036] ACPI: bus type PCI registered
[    0.168551] acpiphp: ACPI Hot Plug PCI Controller Driver version: 0.5
[    0.169427] PCI: Using configuration type 1 for base access
[    0.170177] audit: type=2000 audit(1617638409.173:1): state=initialized audit_enabled=0 res=1
[    0.172085] HugeTLB registered 2.00 MiB page size, pre-allocated 0 pages
[    0.174325] ACPI: Added _OSI(Module Device)
[    0.174943] ACPI: Added _OSI(Processor Device)
[    0.175795] ACPI: Added _OSI(3.0 _SCP Extensions)
[    0.176005] ACPI: Added _OSI(Processor Aggregator Device)
[    0.176888] ACPI: Added _OSI(Linux-Dell-Video)
[    0.177543] ACPI: Added _OSI(Linux-Lenovo-NV-HDMI-Audio)
[    0.178260] ACPI: Added _OSI(Linux-HPI-Hybrid-Graphics)
[    0.179204] ACPI: Executed 1 blocks of module-level executable AML code
[    0.183125] ACPI: Interpreter enabled
[    0.184011] ACPI: (supports S0 S5)
[    0.184502] ACPI: Using IOAPIC for interrupt routing
[    0.185412] PCI: Using host bridge windows from ACPI; if necessary, use "pci=nocrs" and report a bug
[    0.187056] ACPI: Enabled 2 GPEs in block 00 to 07
[    0.193845] ACPI: PCI Root Bridge [PCI0] (domain 0000 [bus 00-ff])
[    0.194740] acpi PNP0A03:00: _OSC: OS supports [ASPM ClockPM Segments MSI]
[    0.196000] acpi PNP0A03:00: _OSC: not requesting OS control; OS requires [ExtendedConfig ASPM ClockPM MSI]
[    0.196011] acpi PNP0A03:00: fail to add MMCONFIG information, can't access extended PCI configuration space under this bridge.
[    0.200510] PCI host bridge to bus 0000:00
[    0.201657] pci_bus 0000:00: root bus resource [io  0x0000-0x0cf7 window]
[    0.202939] pci_bus 0000:00: root bus resource [io  0x0d00-0xffff window]
[    0.204007] pci_bus 0000:00: root bus resource [mem 0x000a0000-0x000bffff window]
[    0.205030] pci_bus 0000:00: root bus resource [mem 0x40000000-0xfdffffff window]
[    0.206238] pci_bus 0000:00: root bus resource [bus 00-ff]
[    0.209358] pci 0000:00:01.1: legacy IDE quirk: reg 0x10: [io  0x01f0-0x01f7]
[    0.210409] pci 0000:00:01.1: legacy IDE quirk: reg 0x14: [io  0x03f6]
[    0.211616] pci 0000:00:01.1: legacy IDE quirk: reg 0x18: [io  0x0170-0x0177]
[    0.212004] pci 0000:00:01.1: legacy IDE quirk: reg 0x1c: [io  0x0376]
[    0.225188] pci 0000:00:07.0: quirk: [io  0x4000-0x403f] claimed by PIIX4 ACPI
[    0.226390] pci 0000:00:07.0: quirk: [io  0x4100-0x410f] claimed by PIIX4 SMB
[    0.233379] ACPI: PCI Interrupt Link [LNKA] (IRQs 5 9 10 *11)
[    0.234640] ACPI: PCI Interrupt Link [LNKB] (IRQs 5 9 *10 11)
[    0.235648] ACPI: PCI Interrupt Link [LNKC] (IRQs 5 *9 10 11)
[    0.236092] ACPI: PCI Interrupt Link [LNKD] (IRQs 5 9 10 *11)
[    0.237132] SCSI subsystem initialized
[    0.237758] pci 0000:00:02.0: vgaarb: setting as boot VGA device
[    0.238524] pci 0000:00:02.0: vgaarb: VGA device added: decodes=io+mem,owns=io+mem,locks=none
[    0.240005] pci 0000:00:02.0: vgaarb: bridge control possible
[    0.240751] vgaarb: loaded
[    0.241222] ACPI: bus type USB registered
[    0.241750] usbcore: registered new interface driver usbfs
[    0.242441] usbcore: registered new interface driver hub
[    0.244010] usbcore: registered new device driver usb
[    0.244722] EDAC MC: Ver: 3.0.0
[    0.245419] PCI: Using ACPI for IRQ routing
[    0.246383] NetLabel: Initializing
[    0.246834] NetLabel:  domain hash size = 128
[    0.247382] NetLabel:  protocols = UNLABELED CIPSOv4 CALIPSO
[    0.248018] NetLabel:  unlabeled traffic allowed by default
[    0.248823] clocksource: Switched to clocksource kvm-clock
[    0.259852] VFS: Disk quotas dquot_6.6.0
[    0.260488] VFS: Dquot-cache hash table entries: 512 (order 0, 4096 bytes)
[    0.261446] AppArmor: AppArmor Filesystem Enabled
[    0.262073] pnp: PnP ACPI init
[    0.263309] pnp: PnP ACPI: found 3 devices
[    0.269384] clocksource: acpi_pm: mask: 0xffffff max_cycles: 0xffffff, max_idle_ns: 2085701024 ns
[    0.270637] NET: Registered protocol family 2
[    0.271329] TCP established hash table entries: 8192 (order: 4, 65536 bytes)
[    0.272249] TCP bind hash table entries: 8192 (order: 5, 131072 bytes)
[    0.273215] TCP: Hash tables configured (established 8192 bind 8192)
[    0.274476] UDP hash table entries: 512 (order: 2, 16384 bytes)
[    0.275538] UDP-Lite hash table entries: 512 (order: 2, 16384 bytes)
[    0.276394] NET: Registered protocol family 1
[    0.277027] pci 0000:00:00.0: Limiting direct PCI/PCI transfers
[    0.277994] pci 0000:00:01.0: Activating ISA DMA hang workarounds
[    0.278799] pci 0000:00:02.0: Video device with shadowed ROM at [mem 0x000c0000-0x000dffff]
[    0.280033] Unpacking initramfs...
[    0.563402] Freeing initrd memory: 19756K
[    0.564320] clocksource: tsc: mask: 0xffffffffffffffff max_cycles: 0x2879ad8a8c3, max_idle_ns: 440795227517 ns
[    0.566009] platform rtc_cmos: registered platform RTC device (no PNP device found)
[    0.567152] Scanning for low memory corruption every 60 seconds
[    0.568233] Initialise system trusted keyrings
[    0.569032] Key type blacklist registered
[    0.569672] workingset: timestamp_bits=36 max_order=18 bucket_order=0
[    0.571554] zbud: loaded
[    0.572363] squashfs: version 4.0 (2009/01/31) Phillip Lougher
[    0.573371] fuse init (API version 7.26)
[    0.574516] Key type asymmetric registered
[    0.575116] Asymmetric key parser 'x509' registered
[    0.575920] Block layer SCSI generic (bsg) driver version 0.4 loaded (major 246)
[    0.577074] io scheduler noop registered
[    0.577749] io scheduler deadline registered
[    0.578318] io scheduler cfq registered (default)
[    0.579097] ACPI: AC Adapter [AC] (on-line)
[    0.579675] input: Power Button as /devices/LNXSYSTM:00/LNXPWRBN:00/input/input0
[    0.580825] ACPI: Power Button [PWRF]
[    0.581577] input: Sleep Button as /devices/LNXSYSTM:00/LNXSLPBN:00/input/input1
[    0.582583] ACPI: Sleep Button [SLPF]
[    0.583777] ACPI: Battery Slot [BAT0] (battery present)
[    0.584548] Serial: 8250/16550 driver, 32 ports, IRQ sharing enabled
[    0.606314] 00:02: ttyS0 at I/O 0x3f8 (irq = 4, base_baud = 115200) is a 16550A
[    0.608560] Linux agpgart interface v0.103
[    0.610048] loop: module loaded
[    0.611064] scsi host0: ata_piix
[    0.611677] scsi host1: ata_piix
[    0.612229] ata1: PATA max UDMA/33 cmd 0x1f0 ctl 0x3f6 bmdma 0xd000 irq 14
[    0.613368] ata2: PATA max UDMA/33 cmd 0x170 ctl 0x376 bmdma 0xd008 irq 15
[    0.614574] libphy: Fixed MDIO Bus: probed
[    0.615229] tun: Universal TUN/TAP device driver, 1.6
[    0.615936] PPP generic driver version 2.4.2
[    0.616580] ehci_hcd: USB 2.0 'Enhanced' Host Controller (EHCI) Driver
[    0.617561] ehci-pci: EHCI PCI platform driver
[    0.618409] ehci-platform: EHCI generic platform driver
[    0.619256] ohci_hcd: USB 1.1 'Open' Host Controller (OHCI) Driver
[    0.620181] ohci-pci: OHCI PCI platform driver
[    0.620772] ohci-platform: OHCI generic platform driver
[    0.621499] uhci_hcd: USB Universal Host Controller Interface driver
[    0.622352] i8042: PNP: PS/2 Controller [PNP0303:PS2K,PNP0f03:PS2M] at 0x60,0x64 irq 1,12
[    0.624271] serio: i8042 KBD port at 0x60,0x64 irq 1
[    0.625246] serio: i8042 AUX port at 0x60,0x64 irq 12
[    0.626142] mousedev: PS/2 mouse device common for all mice
[    0.627445] input: AT Translated Set 2 keyboard as /devices/platform/i8042/serio0/input/input2
[    0.629236] rtc_cmos rtc_cmos: rtc core: registered rtc_cmos as rtc0
[    0.630337] rtc_cmos rtc_cmos: alarms up to one day, 114 bytes nvram
[    0.631379] i2c /dev entries driver
[    0.631963] device-mapper: uevent: version 1.0.3
[    0.632696] device-mapper: ioctl: 4.37.0-ioctl (2017-09-20) initialised: dm-devel@redhat.com
[    0.634101] ledtrig-cpu: registered to indicate activity on CPUs
[    0.635041] intel_pmc_core:  initialized
[    0.635772] NET: Registered protocol family 10
[    0.639504] Segment Routing with IPv6
[    0.640155] NET: Registered protocol family 17
[    0.640973] Key type dns_resolver registered
[    0.641824] mce: Using 0 MCE banks
[    0.642409] RAS: Correctable Errors collector initialized.
[    0.643289] sched_clock: Marking stable (640896748, 0)->(776028430, -135131682)
[    0.644786] registered taskstats version 1
[    0.645491] Loading compiled-in X.509 certificates
[    0.648169] Loaded X.509 cert 'Build time autogenerated kernel key: f44537957b99d83206ce3e6a27744bf062e80295'
[    0.650070] zswap: loaded using pool lzo/zbud
[    0.653718] Key type big_key registered
[    0.654448] Key type trusted registered
[    0.656554] Key type encrypted registered
[    0.657161] AppArmor: AppArmor sha1 policy hashing enabled
[    0.658050] ima: No TPM chip found, activating TPM-bypass! (rc=-19)
[    0.658887] ima: Allocated hash algorithm: sha1
[    0.659528] evm: HMAC attrs: 0x1
[    0.660280]   Magic number: 1:22:34
[    0.660894] rtc_cmos rtc_cmos: setting system clock to 2021-04-05 16:00:04 UTC (1617638404)
[    0.662091] BIOS EDD facility v0.16 2004-Jun-25, 0 devices found
[    0.662971] EDD information not available.
[    0.800526] Freeing unused kernel image memory: 2440K
[    0.808078] Write protecting the kernel read-only data: 20480k
[    0.809562] Freeing unused kernel image memory: 2008K
[    0.810572] Freeing unused kernel image memory: 1868K
[    0.817432] x86/mm: Checked W+X mappings: passed, no W+X pages found.
[    0.818311] x86/mm: Checking user space page tables
[    0.825833] x86/mm: Checked W+X mappings: passed, no W+X pages found.
Loading, please wait...
starting version 237
[    0.923849] e1000: Intel(R) PRO/1000 Network Driver - version 7.3.21-k8-NAPI
[    0.925295] e1000: Copyright (c) 1999-2006 Intel Corporation.
[    0.930602] Fusion MPT base driver 3.04.20
[    0.931243] Copyright (c) 1999-2008 LSI Corporation
[    0.942781] Fusion MPT SPI Host driver 3.04.20
[    0.964119] AVX2 version of gcm_enc/dec engaged.
[    0.964938] AES CTR mode by8 optimization enabled
[    1.143079] input: ImExPS/2 Generic Explorer Mouse as /devices/platform/i8042/serio1/input/input4
[    1.331914] e1000 0000:00:03.0 eth0: (PCI:33MHz:32-bit) 02:a6:ac:a9:9a:f4
[    1.332905] e1000 0000:00:03.0 eth0: Intel(R) PRO/1000 Network Connection
[    1.334473] mptbase: ioc0: Initiating bringup
[    1.428188] ioc0: LSI53C1030 A0: Capabilities={Initiator}
[    1.669044] scsi host2: ioc0: LSI53C1030 A0, FwRev=00000000h, Ports=1, MaxQ=256, IRQ=20
[    1.836391] scsi 2:0:0:0: Direct-Access     VBOX     HARDDISK         1.0  PQ: 0 ANSI: 5
[    1.837688] scsi target2:0:0: Beginning Domain Validation
[    1.840851] scsi target2:0:0: Domain Validation skipping write tests
[    1.841647] scsi target2:0:0: Ending Domain Validation
[    1.842341] random: fast init done
[    1.842801] scsi target2:0:0: asynchronous
[    1.843595] scsi 2:0:1:0: Direct-Access     VBOX     HARDDISK         1.0  PQ: 0 ANSI: 5
[    1.844609] scsi target2:0:1: Beginning Domain Validation
[    1.845803] scsi target2:0:1: Domain Validation skipping write tests
[    1.846605] scsi target2:0:1: Ending Domain Validation
[    1.847321] scsi target2:0:1: asynchronous
[    1.850541] random: systemd-udevd: uninitialized urandom read (16 bytes read)
[    1.851497] random: systemd-udevd: uninitialized urandom read (16 bytes read)
[    1.852448] random: systemd-udevd: uninitialized urandom read (16 bytes read)
[    1.853805] sd 2:0:0:0: [sda] 20971520 512-byte logical blocks: (10.7 GB/10.0 GiB)
[    1.854905] sd 2:0:0:0: [sda] Write Protect is off
[    1.855706] sd 2:0:0:0: [sda] Incomplete mode parameter data
[    1.856458] sd 2:0:0:0: [sda] Assuming drive cache: write through
[    1.857426] sd 2:0:0:0: Attached scsi generic sg0 type 0
[    1.859105] sd 2:0:1:0: [sdb] 20480 512-byte logical blocks: (10.5 MB/10.0 MiB)
[    1.860383]  sda: sda1
[    1.860802] sd 2:0:1:0: [sdb] Write Protect is off
[    1.861690] sd 2:0:1:0: [sdb] Incomplete mode parameter data
[    1.862856] sd 2:0:1:0: [sdb] Assuming drive cache: write through
[    1.864931] sd 2:0:1:0: Attached scsi generic sg1 type 0
[    1.865907] sd 2:0:0:0: [sda] Attached SCSI disk
[    1.868426] sd 2:0:1:0: [sdb] Attached SCSI disk
[    2.212832] e1000 0000:00:08.0 eth1: (PCI:33MHz:32-bit) 08:00:27:ff:26:d7
[    2.213977] e1000 0000:00:08.0 eth1: Intel(R) PRO/1000 Network Connection
[    2.216509] e1000 0000:00:08.0 enp0s8: renamed from eth1
[    2.219553] e1000 0000:00:03.0 enp0s3: renamed from eth0
Begin: Loading essential drivers ... [    3.607905] raid6: sse2x1   gen() 12527 MB/s
[    3.676848] raid6: sse2x1   xor()  8816 MB/s
[    3.745588] raid6: sse2x2   gen() 14796 MB/s
[    3.815126] raid6: sse2x2   xor()  9779 MB/s
[    3.881527] raid6: sse2x4   gen() 11476 MB/s
[    3.947791] raid6: sse2x4   xor()  9294 MB/s
[    4.016366] raid6: avx2x1   gen() 15305 MB/s
[    4.079268] raid6: avx2x1   xor() 10978 MB/s
[    4.132202] raid6: avx2x2   gen() 27707 MB/s
[    4.184928] raid6: avx2x2   xor() 17525 MB/s
[    4.232372] raid6: avx2x4   gen() 26150 MB/s
[    4.283928] raid6: avx2x4   xor() 17469 MB/s
[    4.284567] raid6: using algorithm avx2x2 gen() 27707 MB/s
[    4.285351] raid6: .... xor() 17525 MB/s, rmw enabled
[    4.286102] raid6: using avx2x2 recovery algorithm
[    4.288627] xor: automatically using best checksumming function   avx       
[    4.291137] async_tx: api initialized (async)
done.
Begin: Running /scripts/init-premount ... done.
Begin: Mounting root file system ... Begin: Running /scripts/local-top ... done.
Begin: Running /scripts/local-premount ... [    4.345027] Btrfs loaded, crc32c=crc32c-intel
Scanning for Btrfs filesystems
done.
Warning: fsck not present, so skipping root file system
[    4.373020] EXT4-fs (sda1): mounted filesystem with ordered data mode. Opts: (null)
done.
Begin: Running /scripts/local-bottom ... done.
Begin: Running /scripts/init-bottom ... done.
[    4.542652] ip_tables: (C) 2000-2006 Netfilter Core Team
[    4.551377] systemd[1]: systemd 237 running in system mode. (+PAM +AUDIT +SELINUX +IMA +APPARMOR +SMACK +SYSVINIT +UTMP +LIBCRYPTSETUP +GCRYPT +GNUTLS +ACL +XZ +LZ4 +SECCOMP +BLKID +ELFUTILS +KMOD -IDN2 +IDN -PCRE2 default-hierarchy=hybrid)
[    4.555342] systemd[1]: Detected virtualization oracle.
[    4.556496] systemd[1]: Detected architecture x86-64.

Welcome to [1mUbuntu 18.04.5 LTS[0m!

[    4.572745] systemd[1]: Set hostname to <ubuntu-bionic>.
[    4.896216] systemd[1]: Reached target System Time Synchronized.
[[0;32m  OK  [0m] Reached target System Time Synchronized.
[    4.908195] systemd[1]: Reached target Swap.
[[0;32m  OK  [0m] Reached target Swap.
[    4.909895] systemd[1]: Set up automount Arbitrary Executable File Formats File System Automount Point.
[[0;32m  OK  [0m] Set up automount Arbitrary Executabâ€¦rmats File System Automount Point.
[    4.912990] systemd[1]: Created slice System Slice.
[[0;32m  OK  [0m] Created slice System Slice.
[    4.924229] systemd[1]: Listening on udev Kernel Socket.
[[0;32m  OK  [0m] Listening on udev Kernel Socket.
[    4.936807] systemd[1]: Created slice system-serial\x2dgetty.slice.
[[0;32m  OK  [0m] Created slice system-serial\x2dgetty.slice.
[[0;32m  OK  [0m] Listening on LVM2 poll daemon socket.
[[0;32m  OK  [0m] Started Forward Password Requests to Wall Directory Watch.
[[0;32m  OK  [0m] Listening on LVM2 metadata daemon socket.
[[0;32m  OK  [0m] Listening on /dev/initctl Compatibility Named Pipe.
[[0;32m  OK  [0m] Reached target User and Group Name Lookups.
[[0;32m  OK  [0m] Listening on Device-mapper event daemon FIFOs.
[[0;32m  OK  [0m] Listening on Network Service Netlink Socket.
[[0;32m  OK  [0m] Listening on Journal Socket (/dev/log).
[[0;32m  OK  [0m] Created slice User and Session Slice.
[[0;32m  OK  [0m] Reached target Slices.
[[0;32m  OK  [0m] Listening on udev Control Socket.
[[0;32m  OK  [0m] Listening on Journal Socket.
         Mounting Huge Pages File System...
         Starting Remount Root and Kernel File Systems...
         Mounting Kernel Debug File System...
[    4.976057] EXT4-fs (sda1): re-mounted. Opts: (null)
         Mounting POSIX Message Queue File System...
         Starting Monitoring of LVM2 mirrorsâ€¦ng dmeventd or progress polling...
         Starting udev Coldplug all Devices...
[[0;32m  OK  [0m] Listening on Journal Audit Socket.
         Starting Create list of required stâ€¦ce nodes for the current kernel...
         Starting Uncomplicated firewall...
         Starting Load Kernel Modules...
[[0;32m  OK  [0m] Listening on Syslog Socket.
         Starting Journal Service...[    5.068312] Loading iSCSI transport class v2.0-870.

         Starting Set the console keyboard layout...
[[0;32m  OK  [0m] Mounted Huge Pages File System.
[[0;32m  OK  [0m] Started Remount Root and Kernel File Systems.
[[0;32m  OK  [0m] Mounted Kernel Debug File System.
[[0;32m  OK  [0m] Mounted POSIX Message Queue File System.
[[0;32m  OK  [0m] Started Create list of required staâ€¦vice nodes for the current kernel.
[[0;32m  OK  [0m] Started Uncomplicated firewall.
         Starting Create Static Device Nodes in /dev...
[    5.104067] iscsi: registered transport (tcp)
         Starting Load/Save Random Seed...
[[0;32m  OK  [0m] Started LVM2 metadata daemon.
[[0;32m  OK  [0m] Started Create Static Device Nodes in /dev.
         Starting udev Kernel Device Manager...
[[0;32m  OK  [0m] Started udev Coldplug all Devices.
[[0;32m  OK  [0m] Started Load/Save Random Seed.
[[0;32m  OK  [0m] Started Journal Service.
         Starting Flush Journal to Persistent Storage...
[[0;32m  OK  [0m] Started udev Kernel Device Manager.
[[0;32m  OK  [0m] Started Monitoring of LVM2 mirrors,â€¦sing dmeventd or progress polling.
[    5.286395] systemd-journald[408]: Received request to flush runtime journal from PID 1
[    5.318457] iscsi: registered transport (iser)
[[0;32m  OK  [0m] Started Load Kernel Modules.
         Mounting Kernel Configuration File System...
         Mounting FUSE Control File System...
         Starting Apply Kernel Variables...
[[0;32m  OK  [0m] Mounted FUSE Control File System.
[[0;32m  OK  [0m] Mounted Kernel Configuration File System.
[[0;32m  OK  [0m] Started Apply Kernel Variables.
[[0;32m  OK  [0m] Started Flush Journal to Persistent Storage.
[[0;32m  OK  [0m] Found device /dev/ttyS0.
[[0;32m  OK  [0m] Listening on Load/Save RF Kill Switch Status /dev/rfkill Watch.
[[0;32m  OK  [0m] Started Set the console keyboard layout.
[[0;32m  OK  [0m] Started Dispatch Password Requests to Console Directory Watch.
[[0;32m  OK  [0m] Reached target Local Encrypted Volumes.
[[0;32m  OK  [0m] Reached target Local File Systems (Pre).
         Mounting /vagrant...
[[0;32m  OK  [0m] Reached target Local File Systems.
         Starting ebtables ruleset management...
         Starting AppArmor initialization...
         Starting Set console font and keymap...
         Starting Create Volatile Files and Directories...
         Starting Tell Plymouth To Write Out Runtime Data...
[[0;32m  OK  [0m] Mounted /vagrant.
[[0;32m  OK  [0m] Started Set console font and keymap.
[[0;32m  OK  [0m] Started Tell Plymouth To Write Out Runtime Data.
[[0;32m  OK  [0m] Started Create Volatile Files and Directories.
         Starting Update UTMP about System Boot/Shutdown...
[[0;32m  OK  [0m] Started Update UTMP about System Boot/Shutdown.
[[0;32m  OK  [0m] Started ebtables ruleset management.
[[0;32m  OK  [0m] Started AppArmor initialization.
         Starting Load AppArmor profiles managed internally by snapd...
         Starting Initial cloud-init job (pre-networking)...
[[0;32m  OK  [0m] Started Load AppArmor profiles managed internally by snapd.
[    8.241312] cloud-init[654]: Cloud-init v. 20.3-2-g371b392c-0ubuntu1~18.04.1 running 'init-local' at Mon, 05 Apr 2021 16:00:11 +0000. Up 8.07 seconds.
[[0;32m  OK  [0m] Started Initial cloud-init job (pre-networking).
[[0;32m  OK  [0m] Reached target Network (Pre).
         Starting Network Service...
[[0;32m  OK  [0m] Started Network Service.
         Starting Network Name Resolution...
         Starting Wait for Network to be Configured...
[[0;32m  OK  [0m] Started Network Name Resolution.
[[0;32m  OK  [0m] Reached target Network.
[[0;32m  OK  [0m] Reached target Host and Network Name Lookups.
[[0;32m  OK  [0m] Started Wait for Network to be Configured.
         Starting Initial cloud-init job (metadata service crawler)...
[   10.337614] cloud-init[744]: Cloud-init v. 20.3-2-g371b392c-0ubuntu1~18.04.1 running 'init' at Mon, 05 Apr 2021 16:00:14 +0000. Up 10.22 seconds.
[   10.339860] cloud-init[744]: ci-info: ++++++++++++++++++++++++++++++++++++++Net device info+++++++++++++++++++++++++++++++++++++++
[   10.341107] cloud-init[744]: ci-info: +--------+------+-----------------------------+---------------+--------+-------------------+
[   10.343870] cloud-init[744]: ci-info: | Device |  Up  |           Address           |      Mask     | Scope  |     Hw-Address    |
[   10.345544] cloud-init[744]: ci-info: +--------+------+-----------------------------+---------------+--------+-------------------+
[   10.346802] cloud-init[744]: ci-info: | enp0s3 | True |          10.0.2.15          | 255.255.255.0 | global | 02:a6:ac:a9:9a:f4 |
[   10.348440] cloud-init[744]: ci-info: | enp0s3 | True |  fe80::a6:acff:fea9:9af4/64 |       .       |  link  | 02:a6:ac:a9:9a:f4 |
[   10.360485] cloud-init[744]: ci-info: | enp0s8 | True |        192.168.1.201        | 255.255.255.0 | global | 08:00:27:ff:26:d7 |
[   10.361507] cloud-init[744]: ci-info: | enp0s8 | True | fe80::a00:27ff:feff:26d7/64 |       .       |  link  | 08:00:27:ff:26:d7 |
[   10.362666] cloud-init[744]: ci-info: |   lo   | True |          127.0.0.1          |   255.0.0.0   |  host  |         .         |
[   10.365685] cloud-init[744]: ci-info: |   lo   | True |           ::1/128           |       .       |  host  |         .         |
[   10.367147] cloud-init[744]: ci-info: +--------+------+-----------------------------+---------------+--------+-------------------+
[   10.380191] cloud-init[744]: ci-info: ++++++++++++++++++++++++++++Route IPv4 info+++++++++++++++++++++++++++++
[   10.381653] cloud-init[744]: ci-info: +-------+-------------+----------+-----------------+-----------+-------+
[   10.382825] cloud-init[744]: ci-info: | Route | Destination | Gateway  |     Genmask     | Interface | Flags |
[   10.383744] cloud-init[744]: ci-info: +-------+-------------+----------+-----------------+-----------+-------+
[   10.386052] cloud-init[744]: ci-info: |   0   |   0.0.0.0   | 10.0.2.2 |     0.0.0.0     |   enp0s3  |   UG  |
[   10.388112] cloud-init[744]: ci-info: |   1   |   10.0.2.0  | 0.0.0.0  |  255.255.255.0  |   enp0s3  |   U   |
[   10.390162] cloud-init[744]: ci-info: |   2   |   10.0.2.2  | 0.0.0.0  | 255.255.255.255 |   enp0s3  |   UH  |
[   10.392420] cloud-init[744]: ci-info: |   3   | 192.168.1.0 | 0.0.0.0  |  255.255.255.0  |   enp0s8  |   U   |
[   10.393519] cloud-init[744]: ci-info: +-------+-------------+----------+-----------------+-----------+-------+
[   10.394457] cloud-init[744]: ci-info: +++++++++++++++++++Route IPv6 info+++++++++++++++++++
[   10.396249] cloud-init[744]: ci-info: +-------+-------------+---------+-----------+-------+
[   10.399069] cloud-init[744]: ci-info: | Route | Destination | Gateway | Interface | Flags |
[   10.400516] cloud-init[744]: ci-info: +-------+-------------+---------+-----------+-------+
[   10.402255] cloud-init[744]: ci-info: |   1   |  fe80::/64  |    ::   |   enp0s8  |   U   |
[   10.403201] cloud-init[744]: ci-info: |   2   |  fe80::/64  |    ::   |   enp0s3  |   U   |
[   10.403961] cloud-init[744]: ci-info: |   4   |    local    |    ::   |   enp0s3  |   U   |
[   10.406392] cloud-init[744]: ci-info: |   5   |    local    |    ::   |   enp0s8  |   U   |
[   10.407211] cloud-init[744]: ci-info: |   6   |   ff00::/8  |    ::   |   enp0s8  |   U   |
[   10.408267] cloud-init[744]: ci-info: |   7   |   ff00::/8  |    ::   |   enp0s3  |   U   |
[   10.409486] cloud-init[744]: ci-info: +-------+-------------+---------+-----------+-------+
[[0;32m  OK  [0m] Started Initial cloud-init job (metadata service crawler).
[[0;32m  OK  [0m] Reached target Network is Online.
         Starting Availability of block devices...
[[0;32m  OK  [0m] Reached target Remote File Systems (Pre).
[[0;32m  OK  [0m] Reached target Remote File Systems.
[[0;32m  OK  [0m] Reached target System Initialization.
[[0;32m  OK  [0m] Started Discard unused blocks once a week.
[[0;32m  OK  [0m] Listening on Open-iSCSI iscsid Socket.
         Starting LXD - unix socket.
         Starting Docker Socket for the API.
[[0;32m  OK  [0m] Listening on D-Bus System Message Bus Socket.
[[0;32m  OK  [0m] Listening on UUID daemon activation socket.
[[0;32m  OK  [0m] Started Message of the Day.
         Starting Socket activation for snappy daemon.
[[0;32m  OK  [0m] Listening on ACPID Listen Socket.
[[0;32m  OK  [0m] Started Daily apt download activities.
[[0;32m  OK  [0m] Started ACPI Events Check.
[[0;32m  OK  [0m] Reached target Paths.
[[0;32m  OK  [0m] Started Daily Cleanup of Temporary Directories.
[[0;32m  OK  [0m] Started Daily apt upgrade and clean activities.
[[0;32m  OK  [0m] Reached target Timers.
[[0;32m  OK  [0m] Reached target Cloud-config availability.
[[0;32m  OK  [0m] Started Availability of block devices.
[[0;32m  OK  [0m] Listening on LXD - unix socket.
[[0;32m  OK  [0m] Listening on Docker Socket for the API.
[[0;32m  OK  [0m] Listening on Socket activation for snappy daemon.
[[0;32m  OK  [0m] Reached target Sockets.
[[0;32m  OK  [0m] Reached target Basic System.
[[0;32m  OK  [0m] Started FUSE filesystem for LXC.
[[0;32m  OK  [0m] Started Deferred execution scheduler.
         Starting Discard unused blocks...
         Starting Dispatcher daemon for systemd-networkd...
[[0;32m  OK  [0m] Started irqbalance daemon.
         Starting Accounts Service...
         Starting Login Service...
         Starting System Logging Service...
[[0;32m  OK  [0m] Started Regular background program processing daemon.
         Starting containerd container runtime...
         Starting LSB: Record successful boot for GRUB...
         Starting Permit User Sessions...
         Starting LSB: automatic crash report generation...
         Starting Snap Daemon...
[[0;32m  OK  [0m] Started D-Bus System Message Bus.
         Starting Message of the Day...
         Starting OpenBSD Secure Shell server...
         Starting Virtualbox guest utils...
         Starting LXD - container startup/shutdown...
[[0;32m  OK  [0m] Started System Logging Service.
[[0;32m  OK  [0m] Started Discard unused blocks.
[[0;32m  OK  [0m] Started Permit User Sessions.
[[0;32m  OK  [0m] Started Login Service.
         Starting Authorization Manager...
[[0;32m  OK  [0m] Started Unattended Upgrades Shutdown.
         Starting Terminate Plymouth Boot Screen...
         Starting Hold until boot process finishes up...
[[0;32m  OK  [0m] Started Hold until boot process finishes up.
         Starting Set console scheme...
[[0;32m  OK  [0m] Started Serial Getty on ttyS0.
[[0;32m  OK  [0m] Started Terminate Plymouth Boot Screen.
[[0;32m  OK  [0m] Started Set console scheme.
[[0;32m  OK  [0m] Created slice system-getty.slice.
[[0;32m  OK  [0m] Started Getty on tty1.
[[0;32m  OK  [0m] Reached target Login Prompts.
[[0;32m  OK  [0m] Started LSB: automatic crash report generation.
[[0;32m  OK  [0m] Started LSB: Record successful boot for GRUB.
[[0;32m  OK  [0m] Started Authorization Manager.
[[0;32m  OK  [0m] Started Accounts Service.
[[0;32m  OK  [0m] Started OpenBSD Secure Shell server.
[[0;32m  OK  [0m] Started Virtualbox guest utils.
[[0;32m  OK  [0m] Started LXD - container startup/shutdown.
[[0;32m  OK  [0m] Started Dispatcher daemon for systemd-networkd.
[[0;32m  OK  [0m] Started containerd container runtime.
         Starting Docker Application Container Engine...
[[0;32m  OK  [0m] Started Snap Daemon.
         Starting Wait until snapd is fully seeded...
[[0;32m  OK  [0m] Started Wait until snapd is fully seeded.
         Starting Apply the settings specified in cloud-config...
[[0;32m  OK  [0m] Created slice User Slice of vagrant.
         Starting User Manager for UID 1000...
[[0;32m  OK  [0m] Started Session 1 of user vagrant.
[[0;32m  OK  [0m] Started User Manager for UID 1000.
[[0;32m  OK  [0m] Started Message of the Day.
[   13.400158] cloud-init[1126]: Cloud-init v. 20.3-2-g371b392c-0ubuntu1~18.04.1 running 'modules:config' at Mon, 05 Apr 2021 16:00:17 +0000. Up 13.19 seconds.
[[0;32m  OK  [0m] Started Apply the settings specified in cloud-config.
[[0;32m  OK  [0m] Started Docker Application Container Engine.
[[0;32m  OK  [0m] Reached target Multi-User System.
         Starting Execute cloud user/final scripts...
[[0;32m  OK  [0m] Reached target Graphical Interface.
         Starting Update UTMP about System Runlevel Changes...
[[0;32m  OK  [0m] Started Update UTMP about System Runlevel Changes.
[   15.314930] cloud-init[1506]: Cloud-init v. 20.3-2-g371b392c-0ubuntu1~18.04.1 running 'modules:final' at Mon, 05 Apr 2021 16:00:19 +0000. Up 15.20 seconds.
[   15.316834] cloud-init[1506]: Cloud-init v. 20.3-2-g371b392c-0ubuntu1~18.04.1 finished at Mon, 05 Apr 2021 16:00:19 +0000. Datasource DataSourceNoCloud [seed=/dev/sdb][dsmode=net].  Up 15.30 seconds
[[0;32m  OK  [0m] Started Execute cloud user/final scripts.
[[0;32m  OK  [0m] Reached target Cloud-init target.
         Starting Daily apt download activities...

Ubuntu 18.04.5 LTS ubuntu-bionic ttyS0

ubuntu-bionic login: [[0;32m  OK  [0m] Stopped Unattended Upgrades Shutdown.
[[0;32m  OK  [0m] Stopped target Cloud-init target.
         Stopping Availability of block devices...
         Stopping Session 8 of user vagrant.
[[0;32m  OK  [0m] Closed Load/Save RF Kill Switch Status /dev/rfkill Watch.
[[0;32m  OK  [0m] Stopped target Graphical Interface.
         Stopping Accounts Service...
[[0;32m  OK  [0m] Stopped target Timers.
[[0;32m  OK  [0m] Stopped Daily apt upgrade and clean activities.
[[0;32m  OK  [0m] Stopped Daily apt download activities.
[[0;32m  OK  [0m] Stopped Message of the Day.
[[0;32m  OK  [0m] Stopped Discard unused blocks once a week.
[[0;32m  OK  [0m] Stopped target System Time Synchronized.
         Unmounting /vagrant...
         Stopping Daemon for generating UUIDs...
[[0;32m  OK  [0m] Stopped Execute cloud user/final scripts.
[[0;32m  OK  [0m] Stopped Apply the settings specified in cloud-config.
[[0;32m  OK  [0m] Stopped Daily Cleanup of Temporary Directories.
[[0;32m  OK  [0m] Stopped target Multi-User System.
         Stopping LSB: Record successful boot for GRUB...
         Stopping System Logging Service...
[[0;32m  OK  [0m] Stopped Wait until snapd is fully seeded.
         Stopping FUSE filesystem for LXC...
[[0;32m  OK  [0m] Stopped target Login Prompts.
         Stopping Serial Getty on ttyS0...
         Stopping Getty on tty1...
         Stopping Deferred execution scheduler...
         Stopping Dispatcher daemon for systemd-networkd...
         Stopping LXD - container startup/shutdown...
         Stopping Regular background program processing daemon...
         Stopping Virtualbox guest utils...
         Stopping D-Bus System Message Bus...
         Stopping OpenBSD Secure Shell server...
         Stopping User Manager for UID 1000...
         Stopping Authorization Manager...
         Stopping LSB: automatic crash report generation...
[[0;32m  OK  [0m] Stopped target Host and Network Name Lookups.
[[0;32m  OK  [0m] Stopped target Cloud-config availability.
         Stopping Docker Application Container Engine...
[[0;32m  OK  [0m] Unmounted /var/lib/lxcfs.
[[0;32m  OK  [0m] Stopped Deferred execution scheduler.
[[0;32m  OK  [0m] Stopped Dispatcher daemon for systemd-networkd.
[[0;32m  OK  [0m] Stopped Accounts Service.
[[0;32m  OK  [0m] Stopped System Logging Service.
[[0;32m  OK  [0m] Stopped Regular background program processing daemon.
[[0;32m  OK  [0m] Stopped Authorization Manager.
[[0;32m  OK  [0m] Stopped Serial Getty on ttyS0.
[[0;32m  OK  [0m] Stopped Getty on tty1.
[[0;32m  OK  [0m] Stopped OpenBSD Secure Shell server.
[[0;32m  OK  [0m] Stopped Docker Application Container Engine.
[[0;32m  OK  [0m] Stopped Daemon for generating UUIDs.
[[0;32m  OK  [0m] Stopped User Manager for UID 1000.
[[0;32m  OK  [0m] Stopped D-Bus System Message Bus.
[[0;32m  OK  [0m] Stopped FUSE filesystem for LXC.
[[0;32m  OK  [0m] Unmounted /vagrant.
[[0;32m  OK  [0m] Stopped Session 8 of user vagrant.
[[0;32m  OK  [0m] Stopped Availability of block devices.
[[0;32m  OK  [0m] Removed slice User Slice of vagrant.
         Stopping Login Service...
         Stopping containerd container runtime...
[[0;32m  OK  [0m] Stopped target Network is Online.
[[0;32m  OK  [0m] Removed slice system-getty.slice.
         Stopping Permit User Sessions...
[[0;32m  OK  [0m] Removed slice system-serial\x2dgetty.slice.
[[0;32m  OK  [0m] Stopped Login Service.
[[0;32m  OK  [0m] Stopped LXD - container startup/shutdown.
[[0;32m  OK  [0m] Stopped containerd container runtime.
[[0;32m  OK  [0m] Stopped LSB: Record successful boot for GRUB.
[[0;32m  OK  [0m] Stopped Permit User Sessions.
[[0;32m  OK  [0m] Stopped target User and Group Name Lookups.
[[0;32m  OK  [0m] Stopped target Network.
         Stopping Network Name Resolution...
[[0;32m  OK  [0m] Stopped LSB: automatic crash report generation.
[[0;32m  OK  [0m] Stopped target Remote File Systems.
[[0;32m  OK  [0m] Stopped target Remote File Systems (Pre).
[[0;32m  OK  [0m] Stopped Network Name Resolution.
         Stopping Network Service...
[[0;32m  OK  [0m] Stopped Network Service.
[[0;32m  OK  [0m] Stopped target Network (Pre).
[[0;32m  OK  [0m] Stopped Virtualbox guest utils.
[[0;32m  OK  [0m] Stopped target Basic System.
[[0;32m  OK  [0m] Stopped target Slices.
[[0;32m  OK  [0m] Removed slice User and Session Slice.
[[0;32m  OK  [0m] Stopped target Paths.
[[0;32m  OK  [0m] Stopped ACPI Events Check.
[[0;32m  OK  [0m] Stopped target Sockets.
[[0;32m  OK  [0m] Closed Syslog Socket.
[[0;32m  OK  [0m] Closed Docker Socket for the API.
[[0;32m  OK  [0m] Closed Socket activation for snappy daemon.
[[0;32m  OK  [0m] Closed ACPID Listen Socket.
[[0;32m  OK  [0m] Closed UUID daemon activation socket.
[[0;32m  OK  [0m] Closed LXD - unix socket.
[[0;32m  OK  [0m] Closed Open-iSCSI iscsid Socket.
[[0;32m  OK  [0m] Closed D-Bus System Message Bus Socket.
[[0;32m  OK  [0m] Stopped target System Initialization.
         Stopping Update UTMP about System Boot/Shutdown...
         Stopping Load/Save Random Seed...
[[0;32m  OK  [0m] Stopped target Local Encrypted Volumes.
[[0;32m  OK  [0m] Stopped Dispatch Password Requests to Console Directory Watch.
[[0;32m  OK  [0m] Stopped Forward Password Requests to Wall Directory Watch.
[[0;32m  OK  [0m] Stopped Apply Kernel Variables.
[[0;32m  OK  [0m] Stopped Load Kernel Modules.
[[0;32m  OK  [0m] Stopped Initial cloud-init job (metadata service crawler).
[[0;32m  OK  [0m] Stopped Initial cloud-init job (pre-networking).
[[0;32m  OK  [0m] Stopped Load/Save Random Seed.
[[0;32m  OK  [0m] Stopped Update UTMP about System Boot/Shutdown.
[[0;32m  OK  [0m] Stopped Create Volatile Files and Directories.
[[0;32m  OK  [0m] Stopped target Local File Systems.
         Unmounting /run/user/1000...
[[0;32m  OK  [0m] Unmounted /run/user/1000.
[[0;32m  OK  [0m] Reached target Unmount All Filesystems.
[[0;32m  OK  [0m] Stopped target Swap.
[[0;32m  OK  [0m] Stopped target Local File Systems (Pre).
         Stopping Monitoring of LVM2 mirrorsâ€¦ng dmeventd or progress polling...
[[0;32m  OK  [0m] Stopped Create Static Device Nodes in /dev.
[[0;32m  OK  [0m] Stopped Remount Root and Kernel File Systems.
[[0;32m  OK  [0m] Reached target Shutdown.
[[0;32m  OK  [0m] Reached target Final Step.
         Starting Power-Off...
[[0;32m  OK  [0m] Stopped Monitoring of LVM2 mirrors,â€¦sing dmeventd or progress polling.
         Stopping LVM2 metadata daemon...
[[0;32m  OK  [0m] Stopped LVM2 metadata daemon.
[ 8234.236513] reboot: Power down
