# Ansible run

##### Create group for all machine
```bash
[all:children]
jump_srv
ub
cen
```

- View OS/version for all machine in our group `all`
______
`#ansible all -m shell -a "uname -a"`
```bash
178.124.206.48 | CHANGED | rc=0 >>
Linux sc 3.10.0-862.el7.x86_64 #1 SMP Fri Apr 20 16:44:24 UTC 2018 x86_64 x86_64 x86_64 GNU/Linux

centos | CHANGED | rc=0 >>
Linux sa-cent 3.10.0-957.1.3.el7.x86_64 #1 SMP Thu Nov 29 14:49:43 UTC 2018 x86_64 x86_64 x86_64 GNU/Linux
ubuntu | CHANGED | rc=0 >>
Linux sa-ubuntu 4.15.0-43-generic #46-Ubuntu SMP Thu Dec 6 14:45:28 UTC 2018 x86_64 x86_64 x86_64 GNU/Linux
```
------
- View Mount point/capacity/used
________
`# ansible all -m shell -a "df -h"`
```bash
178.124.206.48 | CHANGED | rc=0 >>
Filesystem                  Size  Used Avail Use% Mounted on
/dev/mapper/centos_sc-root   45G  3.4G   42G   8% /
devtmpfs                    1.9G     0  1.9G   0% /dev
tmpfs                       1.9G     0  1.9G   0% /dev/shm
tmpfs                       1.9G  193M  1.7G  11% /run
tmpfs                       1.9G     0  1.9G   0% /sys/fs/cgroup
/dev/mapper/centos_sc-home   25G   33M   25G   1% /home
/dev/sda1                   497M  195M  303M  40% /boot
tmpfs                       379M     0  379M   0% /run/user/0
tmpfs                       379M     0  379M   0% /run/user/1001

centos | CHANGED | rc=0 >>
Filesystem               Size  Used Avail Use% Mounted on
/dev/mapper/centos-root   29G  1.6G   28G   6% /
devtmpfs                 484M     0  484M   0% /dev
tmpfs                    496M     0  496M   0% /dev/shm
tmpfs                    496M   38M  458M   8% /run
tmpfs                    496M     0  496M   0% /sys/fs/cgroup
/dev/sda1               1014M  173M  842M  18% /boot
tmpfs                    100M     0  100M   0% /run/user/1001

ubuntu | CHANGED | rc=0 >>
Filesystem      Size  Used Avail Use% Mounted on
udev            463M     0  463M   0% /dev
tmpfs            99M  1.1M   98M   2% /run
/dev/sda2        32G  5.3G   25G  18% /
tmpfs           493M     0  493M   0% /dev/shm
tmpfs           5.0M     0  5.0M   0% /run/lock
tmpfs           493M     0  493M   0% /sys/fs/cgroup
/dev/loop2       92M   92M     0 100% /snap/core/6259
/dev/loop3       91M   91M     0 100% /snap/core/6350
/dev/loop0       91M   91M     0 100% /snap/core/6405
tmpfs            99M     0   99M   0% /run/user/1002
```
------
- View RAM/capacity/free
________
`# ansible all -m shell -a "free -m"`
```bash
178.124.206.48 | CHANGED | rc=0 >>
              total        used        free      shared  buff/cache   available
Mem:           3789        1179         128         192        2482        2042
Swap:          2047          28        2019

centos | CHANGED | rc=0 >>
              total        used        free      shared  buff/cache   available
Mem:            990         126         332          37         531         634
Swap:          2047           0        2047

ubuntu | CHANGED | rc=0 >>
              total        used        free      shared  buff/cache   available
Mem:            984         134          93           1         757         693
Swap:          1968           7        1961
```
-------
##### Playbook for the ansible user
- Create new user (use module) for ubuntu machine
`# ansible  ubuntu -m user -a "name=ansible generate_ssh_key=yes ssh_key_bits=2048 shell=/bin/bash  state=present" -b`
```bash
ubuntu | CHANGED => {
    "changed": true,
    "comment": "",
    "create_home": true,
    "group": 1005,
    "home": "/home/ansible",
    "name": "ansible",
    "shell": "/bin/bash",
    "ssh_fingerprint": "2048 SHA256:4McGFJm3O8TajFqTjbYkS2CHbFaN473O9jKcGYuLxzs ansible-generated on sa-ubuntu (RSA)",
    "ssh_key_file": "/home/ansible/.ssh/id_rsa",
    "ssh_public_key": "ssh-rsa AAAAB3NzaC1yc2EAAAADAQABAAABAQDQ0ihviVVCEeN5CtF8eK/meWwBOyHDo20/N8dpw4mib4znDir8Y4r7gVkqf7/40WQezEvTiXDXtW4LVH7Om3/r/Z6C9ZEhCA6W5hWA9fa2pvYXI7oNzLSPqJ1+9Ss+GgfHEmG57oetqKnZawRaXyjBSpHI6MgMBXYhSEV+VMu/poEq4XFP1w3TCJEIFIDUeatUQYLa0xmO9EEzzdzbxFf/BB3Y9Pg3c7+/1BNjPdA8kjkKuZxdi08Amo4tMg3cxnKhaUE4szXH+r/W7rLi+iytSF+qeIOTg0lSRB9ciYq5xJaztCJqIDsTZdJ58eYUc8RNLjluBx/XhifkYYaVH1np ansible-generated on sa-ubuntu",
    "state": "present",
    "system": false,
    "uid": 1004
}
```
- Add to the sudo:nopasswd for upgrade command

`# ansible ubuntu -b -m shell -a 'echo "ansible        ALL=(ALL)      NOPASSWD:  ALL" >> /etc/sudoers'`
```bash
#includedir /etc/sudoers.d
ansible        ALL=(ALL)      NOPASSWD:  ALL
```
- Copy private key `id_pub` from remote machine to `/etc/ansible/host_vars/ansible_key.pem`
- Change settings for `/etc/ansible/host_vars/ubuntu`
```bash
ansible_user: ansible
ansible_ssh_private_key_file: /etc/ansible/users/ansible/ansible_key.pem
```
- Test from new user ansible `ansible ubuntu -m shell -a 'whoami'`
```bash
ubuntu | CHANGED | rc=0 >>
ansible
```

