[    0.000000] Linux version 4.15.0-117-generic (buildd@lcy01-amd64-008) (gcc version 7.5.0 (Ubuntu 7.5.0-3ubuntu1~18.04)) #118-Ubuntu SMP Fri Sep 4 20:02:41 UTC 2020 (Ubuntu 4.15.0-117.118-generic 4.15.18)
[    0.000000] Command line: BOOT_IMAGE=/boot/vmlinuz-4.15.0-117-generic root=LABEL=cloudimg-rootfs ro console=tty1 console=ttyS0
[    0.000000] KERNEL supported cpus:
[    0.000000]   Intel GenuineIntel
[    0.000000]   AMD AuthenticAMD
[    0.000000]   Centaur CentaurHauls
[    0.000000] x86/fpu: Supporting XSAVE feature 0x001: 'x87 floating point registers'
[    0.000000] x86/fpu: Supporting XSAVE feature 0x002: 'SSE registers'
[    0.000000] x86/fpu: Supporting XSAVE feature 0x004: 'AVX registers'
[    0.000000] x86/fpu: xstate_offset[2]:  576, xstate_sizes[2]:  256
[    0.000000] x86/fpu: Enabled xstate features 0x7, context size is 832 bytes, using 'standard' format.
[    0.000000] e820: BIOS-provided physical RAM map:
[    0.000000] BIOS-e820: [mem 0x0000000000000000-0x000000000009fbff] usable
[    0.000000] BIOS-e820: [mem 0x000000000009fc00-0x000000000009ffff] reserved
[    0.000000] BIOS-e820: [mem 0x00000000000f0000-0x00000000000fffff] reserved
[    0.000000] BIOS-e820: [mem 0x0000000000100000-0x000000007ffeffff] usable
[    0.000000] BIOS-e820: [mem 0x000000007fff0000-0x000000007fffffff] ACPI data
[    0.000000] BIOS-e820: [mem 0x00000000fec00000-0x00000000fec00fff] reserved
[    0.000000] BIOS-e820: [mem 0x00000000fee00000-0x00000000fee00fff] reserved
[    0.000000] BIOS-e820: [mem 0x00000000fffc0000-0x00000000ffffffff] reserved
[    0.000000] NX (Execute Disable) protection: active
[    0.000000] SMBIOS 2.5 present.
[    0.000000] DMI: innotek GmbH VirtualBox/VirtualBox, BIOS VirtualBox 12/01/2006
[    0.000000] Hypervisor detected: KVM
[    0.000000] e820: last_pfn = 0x7fff0 max_arch_pfn = 0x400000000
[    0.000000] MTRR: Disabled
[    0.000000] x86/PAT: MTRRs disabled, skipping PAT initialization too.
[    0.000000] CPU MTRRs all blank - virtualized system.
[    0.000000] x86/PAT: Configuration [0-7]: WB  WT  UC- UC  WB  WT  UC- UC  
[    0.000000] found SMP MP-table at [mem 0x0009fff0-0x0009ffff]
[    0.000000] Scanning 1 areas for low memory corruption
[    0.000000] RAMDISK: [mem 0x35a67000-0x36d2afff]
[    0.000000] ACPI: Early table checksum verification disabled
[    0.000000] ACPI: RSDP 0x00000000000E0000 000024 (v02 VBOX  )
[    0.000000] ACPI: XSDT 0x000000007FFF0030 00003C (v01 VBOX   VBOXXSDT 00000001 ASL  00000061)
[    0.000000] ACPI: FACP 0x000000007FFF00F0 0000F4 (v04 VBOX   VBOXFACP 00000001 ASL  00000061)
[    0.000000] ACPI: DSDT 0x000000007FFF0470 002325 (v02 VBOX   VBOXBIOS 00000002 INTL 20190509)
[    0.000000] ACPI: FACS 0x000000007FFF0200 000040
[    0.000000] ACPI: FACS 0x000000007FFF0200 000040
[    0.000000] ACPI: APIC 0x000000007FFF0240 00005C (v02 VBOX   VBOXAPIC 00000001 ASL  00000061)
[    0.000000] ACPI: SSDT 0x000000007FFF02A0 0001CC (v01 VBOX   VBOXCPUT 00000002 INTL 20190509)
[    0.000000] No NUMA configuration found
[    0.000000] Faking a node at [mem 0x0000000000000000-0x000000007ffeffff]
[    0.000000] NODE_DATA(0) allocated [mem 0x7ffc5000-0x7ffeffff]
[    0.000000] kvm-clock: cpu 0, msr 0:7ff44001, primary cpu clock
[    0.000000] kvm-clock: Using msrs 4b564d01 and 4b564d00
[    0.000000] kvm-clock: using sched offset of 3502460808 cycles
[    0.000000] clocksource: kvm-clock: mask: 0xffffffffffffffff max_cycles: 0x1cd42e4dffb, max_idle_ns: 881590591483 ns
[    0.000000] Zone ranges:
[    0.000000]   DMA      [mem 0x0000000000001000-0x0000000000ffffff]
[    0.000000]   DMA32    [mem 0x0000000001000000-0x000000007ffeffff]
[    0.000000]   Normal   empty
[    0.000000]   Device   empty
[    0.000000] Movable zone start for each node
[    0.000000] Early memory node ranges
[    0.000000]   node   0: [mem 0x0000000000001000-0x000000000009efff]
[    0.000000]   node   0: [mem 0x0000000000100000-0x000000007ffeffff]
[    0.000000] Reserved but unavailable: 98 pages
[    0.000000] Initmem setup node 0 [mem 0x0000000000001000-0x000000007ffeffff]
[    0.000000] ACPI: PM-Timer IO Port: 0x4008
[    0.000000] IOAPIC[0]: apic_id 2, version 32, address 0xfec00000, GSI 0-23
[    0.000000] ACPI: INT_SRC_OVR (bus 0 bus_irq 0 global_irq 2 dfl dfl)
[    0.000000] ACPI: INT_SRC_OVR (bus 0 bus_irq 9 global_irq 9 low level)
[    0.000000] Using ACPI (MADT) for SMP configuration information
[    0.000000] smpboot: Allowing 2 CPUs, 0 hotplug CPUs
[    0.000000] PM: Registered nosave memory: [mem 0x00000000-0x00000fff]
[    0.000000] PM: Registered nosave memory: [mem 0x0009f000-0x0009ffff]
[    0.000000] PM: Registered nosave memory: [mem 0x000a0000-0x000effff]
[    0.000000] PM: Registered nosave memory: [mem 0x000f0000-0x000fffff]
[    0.000000] e820: [mem 0x80000000-0xfebfffff] available for PCI devices
[    0.000000] Booting paravirtualized kernel on KVM
[    0.000000] clocksource: refined-jiffies: mask: 0xffffffff max_cycles: 0xffffffff, max_idle_ns: 7645519600211568 ns
[    0.000000] random: get_random_bytes called from start_kernel+0x99/0x500 with crng_init=0
[    0.000000] setup_percpu: NR_CPUS:8192 nr_cpumask_bits:2 nr_cpu_ids:2 nr_node_ids:1
[    0.000000] percpu: Embedded 45 pages/cpu s147456 r8192 d28672 u1048576
[    0.000000] PV qspinlock hash table entries: 256 (order: 0, 4096 bytes)
[    0.000000] Built 1 zonelists, mobility grouping on.  Total pages: 515961
[    0.000000] Policy zone: DMA32
[    0.000000] Kernel command line: BOOT_IMAGE=/boot/vmlinuz-4.15.0-117-generic root=LABEL=cloudimg-rootfs ro console=tty1 console=ttyS0
[    0.000000] Memory: 2015224K/2096696K available (12300K kernel code, 2481K rwdata, 4272K rodata, 2436K init, 2724K bss, 81472K reserved, 0K cma-reserved)
[    0.000000] SLUB: HWalign=64, Order=0-3, MinObjects=0, CPUs=2, Nodes=1
[    0.000000] Kernel/User page tables isolation: enabled
[    0.000000] ftrace: allocating 39392 entries in 154 pages
[    0.004000] Hierarchical RCU implementation.
[    0.004000] 	RCU restricting CPUs from NR_CPUS=8192 to nr_cpu_ids=2.
[    0.004000] 	Tasks RCU enabled.
[    0.004000] RCU: Adjusting geometry for rcu_fanout_leaf=16, nr_cpu_ids=2
[    0.004000] NR_IRQS: 524544, nr_irqs: 440, preallocated irqs: 16
[    0.004000] Console: colour VGA+ 80x25
[    0.004000] console [tty1] enabled
[    0.004000] console [ttyS0] enabled
[    0.004000] ACPI: Core revision 20170831
[    0.004000] ACPI: 2 ACPI AML tables successfully acquired and loaded
[    0.004000] APIC: Switch to symmetric I/O mode setup
[    0.004000] x2apic enabled
[    0.004000] Switched APIC routing to physical x2apic.
[    0.004000] ..TIMER: vector=0x30 apic1=0 pin1=2 apic2=-1 pin2=-1
[    0.004005] tsc: Detected 2807.972 MHz processor
[    0.004832] Calibrating delay loop (skipped) preset value.. 5615.94 BogoMIPS (lpj=11231888)
[    0.005662] pid_max: default: 32768 minimum: 301
[    0.008044] Security Framework initialized
[    0.009314] Yama: becoming mindful.
[    0.010042] AppArmor: AppArmor initialized
[    0.012837] Dentry cache hash table entries: 262144 (order: 9, 2097152 bytes)
[    0.014724] Inode-cache hash table entries: 131072 (order: 8, 1048576 bytes)
[    0.016020] Mount-cache hash table entries: 4096 (order: 3, 32768 bytes)
[    0.017371] Mountpoint-cache hash table entries: 4096 (order: 3, 32768 bytes)
[    0.018972] Last level iTLB entries: 4KB 64, 2MB 8, 4MB 8
[    0.020003] Last level dTLB entries: 4KB 64, 2MB 0, 4MB 0, 1GB 4
[    0.021068] Spectre V1 : Mitigation: usercopy/swapgs barriers and __user pointer sanitization
[    0.022774] Spectre V2 : Mitigation: Full generic retpoline
[    0.024002] Spectre V2 : Spectre v2 / SpectreRSB mitigation: Filling RSB on context switch
[    0.025525] Speculative Store Bypass: Vulnerable
[    0.026425] SRBDS: Unknown: Dependent on hypervisor status
[    0.027471] MDS: Mitigation: Clear CPU buffers
[    0.028192] Freeing SMP alternatives memory: 36K
[    0.139790] smpboot: CPU0: Intel(R) Core(TM) i7-7700HQ CPU @ 2.80GHz (family: 0x6, model: 0x9e, stepping: 0x9)
[    0.140000] Performance Events: unsupported p6 CPU model 158 no PMU driver, software events only.
[    0.140000] Hierarchical SRCU implementation.
[    0.141006] NMI watchdog: Perf event create on CPU 0 failed with -2
[    0.142180] NMI watchdog: Perf NMI watchdog permanently disabled
[    0.144080] smp: Bringing up secondary CPUs ...
[    0.145196] x86: Booting SMP configuration:
[    0.146029] .... node  #0, CPUs:      #1
[    0.004000] kvm-clock: cpu 1, msr 0:7ff44041, secondary cpu clock
[    0.150021] smp: Brought up 1 node, 2 CPUs
[    0.150021] smpboot: Max logical packages: 1
[    0.152012] smpboot: Total of 2 processors activated (11231.88 BogoMIPS)
[    0.153445] devtmpfs: initialized
[    0.153445] x86/mm: Memory block size: 128MB
[    0.153816] evm: security.selinux
[    0.156003] evm: security.SMACK64
[    0.156706] evm: security.SMACK64EXEC
[    0.157508] evm: security.SMACK64TRANSMUTE
[    0.158363] evm: security.SMACK64MMAP
[    0.159078] evm: security.apparmor
[    0.160003] evm: security.ima
[    0.160609] evm: security.capability
[    0.161358] clocksource: jiffies: mask: 0xffffffff max_cycles: 0xffffffff, max_idle_ns: 7645041785100000 ns
[    0.161777] futex hash table entries: 512 (order: 3, 32768 bytes)
[    0.164080] pinctrl core: initialized pinctrl subsystem
[    0.165173] RTC time: 17:55:02, date: 02/25/21
[    0.166180] NET: Registered protocol family 16
[    0.167158] audit: initializing netlink subsys (disabled)
[    0.168036] audit: type=2000 audit(1614275708.250:1): state=initialized audit_enabled=0 res=1
[    0.168151] cpuidle: using governor ladder
[    0.168789] cpuidle: using governor menu
[    0.172061] ACPI: bus type PCI registered
[    0.172822] acpiphp: ACPI Hot Plug PCI Controller Driver version: 0.5
[    0.174102] PCI: Using configuration type 1 for base access
[    0.176984] HugeTLB registered 2.00 MiB page size, pre-allocated 0 pages
[    0.177339] ACPI: Added _OSI(Module Device)
[    0.178422] ACPI: Added _OSI(Processor Device)
[    0.180005] ACPI: Added _OSI(3.0 _SCP Extensions)
[    0.184002] ACPI: Added _OSI(Processor Aggregator Device)
[    0.185146] ACPI: Added _OSI(Linux-Dell-Video)
[    0.185974] ACPI: Added _OSI(Linux-Lenovo-NV-HDMI-Audio)
[    0.186952] ACPI: Added _OSI(Linux-HPI-Hybrid-Graphics)
[    0.188319] ACPI: Executed 1 blocks of module-level executable AML code
[    0.194888] ACPI: Interpreter enabled
[    0.195662] ACPI: (supports S0 S5)
[    0.196004] ACPI: Using IOAPIC for interrupt routing
[    0.197181] PCI: Using host bridge windows from ACPI; if necessary, use "pci=nocrs" and report a bug
[    0.199087] ACPI: Enabled 2 GPEs in block 00 to 07
[    0.205795] ACPI: PCI Root Bridge [PCI0] (domain 0000 [bus 00-ff])
[    0.206895] acpi PNP0A03:00: _OSC: OS supports [ASPM ClockPM Segments MSI]
[    0.208482] acpi PNP0A03:00: _OSC: not requesting OS control; OS requires [ExtendedConfig ASPM ClockPM MSI]
[    0.210091] acpi PNP0A03:00: fail to add MMCONFIG information, can't access extended PCI configuration space under this bridge.
[    0.212356] PCI host bridge to bus 0000:00
[    0.213132] pci_bus 0000:00: root bus resource [io  0x0000-0x0cf7 window]
[    0.214125] pci_bus 0000:00: root bus resource [io  0x0d00-0xffff window]
[    0.215162] pci_bus 0000:00: root bus resource [mem 0x000a0000-0x000bffff window]
[    0.216005] pci_bus 0000:00: root bus resource [mem 0x80000000-0xfdffffff window]
[    0.217171] pci_bus 0000:00: root bus resource [bus 00-ff]
[    0.220392] pci 0000:00:01.1: legacy IDE quirk: reg 0x10: [io  0x01f0-0x01f7]
[    0.221511] pci 0000:00:01.1: legacy IDE quirk: reg 0x14: [io  0x03f6]
[    0.222660] pci 0000:00:01.1: legacy IDE quirk: reg 0x18: [io  0x0170-0x0177]
[    0.224013] pci 0000:00:01.1: legacy IDE quirk: reg 0x1c: [io  0x0376]
[    0.246184] pci 0000:00:07.0: quirk: [io  0x4000-0x403f] claimed by PIIX4 ACPI
[    0.248019] pci 0000:00:07.0: quirk: [io  0x4100-0x410f] claimed by PIIX4 SMB
[    0.268624] ACPI: PCI Interrupt Link [LNKA] (IRQs 5 9 10 *11)
[    0.270282] ACPI: PCI Interrupt Link [LNKB] (IRQs 5 9 *10 11)
[    0.271508] ACPI: PCI Interrupt Link [LNKC] (IRQs 5 *9 10 11)
[    0.272188] ACPI: PCI Interrupt Link [LNKD] (IRQs 5 9 10 *11)
[    0.274000] SCSI subsystem initialized
[    0.274739] pci 0000:00:02.0: vgaarb: setting as boot VGA device
[    0.274739] pci 0000:00:02.0: vgaarb: VGA device added: decodes=io+mem,owns=io+mem,locks=none
[    0.276015] pci 0000:00:02.0: vgaarb: bridge control possible
[    0.277116] vgaarb: loaded
[    0.280089] ACPI: bus type USB registered
[    0.280892] usbcore: registered new interface driver usbfs
[    0.281892] usbcore: registered new interface driver hub
[    0.283161] usbcore: registered new device driver usb
[    0.284086] EDAC MC: Ver: 3.0.0
[    0.284914] PCI: Using ACPI for IRQ routing
[    0.285172] NetLabel: Initializing
[    0.286327] NetLabel:  domain hash size = 128
[    0.288013] NetLabel:  protocols = UNLABELED CIPSOv4 CALIPSO
[    0.289118] NetLabel:  unlabeled traffic allowed by default
[    0.290186] clocksource: Switched to clocksource kvm-clock
[    0.304350] VFS: Disk quotas dquot_6.6.0
[    0.305226] VFS: Dquot-cache hash table entries: 512 (order 0, 4096 bytes)
[    0.306584] AppArmor: AppArmor Filesystem Enabled
[    0.307532] pnp: PnP ACPI init
[    0.309560] pnp: PnP ACPI: found 3 devices
[    0.319823] clocksource: acpi_pm: mask: 0xffffff max_cycles: 0xffffff, max_idle_ns: 2085701024 ns
[    0.321646] NET: Registered protocol family 2
[    0.322580] TCP established hash table entries: 16384 (order: 5, 131072 bytes)
[    0.323908] TCP bind hash table entries: 16384 (order: 6, 262144 bytes)
[    0.325069] TCP: Hash tables configured (established 16384 bind 16384)
[    0.327025] UDP hash table entries: 1024 (order: 3, 32768 bytes)
[    0.328045] UDP-Lite hash table entries: 1024 (order: 3, 32768 bytes)
[    0.329179] NET: Registered protocol family 1
[    0.329936] pci 0000:00:00.0: Limiting direct PCI/PCI transfers
[    0.331194] pci 0000:00:01.0: Activating ISA DMA hang workarounds
[    0.332248] pci 0000:00:02.0: Video device with shadowed ROM at [mem 0x000c0000-0x000dffff]
[    0.333779] Unpacking initramfs...
[    0.617327] Freeing initrd memory: 19216K
[    0.618276] clocksource: tsc: mask: 0xffffffffffffffff max_cycles: 0x2879ab8a984, max_idle_ns: 440795309663 ns
[    0.619983] platform rtc_cmos: registered platform RTC device (no PNP device found)
[    0.621488] Scanning for low memory corruption every 60 seconds
[    0.623049] Initialise system trusted keyrings
[    0.623862] Key type blacklist registered
[    0.624672] workingset: timestamp_bits=36 max_order=19 bucket_order=0
[    0.626869] zbud: loaded
[    0.627805] squashfs: version 4.0 (2009/01/31) Phillip Lougher
[    0.628957] fuse init (API version 7.26)
[    0.631383] Key type asymmetric registered
[    0.632103] Asymmetric key parser 'x509' registered
[    0.632955] Block layer SCSI generic (bsg) driver version 0.4 loaded (major 246)
[    0.634240] io scheduler noop registered
[    0.635191] io scheduler deadline registered
[    0.635967] io scheduler cfq registered (default)
[    0.637098] ACPI: AC Adapter [AC] (on-line)
[    0.637860] input: Power Button as /devices/LNXSYSTM:00/LNXPWRBN:00/input/input0
[    0.639140] ACPI: Power Button [PWRF]
[    0.639991] input: Sleep Button as /devices/LNXSYSTM:00/LNXSLPBN:00/input/input1
[    0.641496] ACPI: Sleep Button [SLPF]
[    0.643060] ACPI: Battery Slot [BAT0] (battery present)
[    0.644123] Serial: 8250/16550 driver, 32 ports, IRQ sharing enabled
[    0.666164] 00:02: ttyS0 at I/O 0x3f8 (irq = 4, base_baud = 115200) is a 16550A
[    0.669804] Linux agpgart interface v0.103
[    0.672483] loop: module loaded
[    0.673901] scsi host0: ata_piix
[    0.674631] scsi host1: ata_piix
[    0.675260] ata1: PATA max UDMA/33 cmd 0x1f0 ctl 0x3f6 bmdma 0xd000 irq 14
[    0.676249] ata2: PATA max UDMA/33 cmd 0x170 ctl 0x376 bmdma 0xd008 irq 15
[    0.677321] libphy: Fixed MDIO Bus: probed
[    0.678016] tun: Universal TUN/TAP device driver, 1.6
[    0.678891] PPP generic driver version 2.4.2
[    0.679700] ehci_hcd: USB 2.0 'Enhanced' Host Controller (EHCI) Driver
[    0.680867] ehci-pci: EHCI PCI platform driver
[    0.681614] ehci-platform: EHCI generic platform driver
[    0.682578] ohci_hcd: USB 1.1 'Open' Host Controller (OHCI) Driver
[    0.683705] ohci-pci: OHCI PCI platform driver
[    0.684470] ohci-platform: OHCI generic platform driver
[    0.685335] uhci_hcd: USB Universal Host Controller Interface driver
[    0.686397] i8042: PNP: PS/2 Controller [PNP0303:PS2K,PNP0f03:PS2M] at 0x60,0x64 irq 1,12
[    0.688209] serio: i8042 KBD port at 0x60,0x64 irq 1
[    0.689028] serio: i8042 AUX port at 0x60,0x64 irq 12
[    0.690005] mousedev: PS/2 mouse device common for all mice
[    0.691436] input: AT Translated Set 2 keyboard as /devices/platform/i8042/serio0/input/input2
[    0.694274] rtc_cmos rtc_cmos: rtc core: registered rtc_cmos as rtc0
[    0.695358] rtc_cmos rtc_cmos: alarms up to one day, 114 bytes nvram
[    0.696481] i2c /dev entries driver
[    0.697606] device-mapper: uevent: version 1.0.3
[    0.698719] device-mapper: ioctl: 4.37.0-ioctl (2017-09-20) initialised: dm-devel@redhat.com
[    0.700256] ledtrig-cpu: registered to indicate activity on CPUs
[    0.703756] NET: Registered protocol family 10
[    0.709149] Segment Routing with IPv6
[    0.710002] NET: Registered protocol family 17
[    0.710988] Key type dns_resolver registered
[    0.712276] mce: Using 0 MCE banks
[    0.713028] RAS: Correctable Errors collector initialized.
[    0.714198] sched_clock: Marking stable (712238538, 0)->(872820788, -160582250)
[    0.716198] registered taskstats version 1
[    0.717020] Loading compiled-in X.509 certificates
[    0.720831] Loaded X.509 cert 'Build time autogenerated kernel key: 993aedfcb7091aab7364eeb95e85a8dab512d887'
[    0.723012] zswap: loaded using pool lzo/zbud
[    0.727972] Key type big_key registered
[    0.728832] Key type trusted registered
[    0.731611] Key type encrypted registered
[    0.732515] AppArmor: AppArmor sha1 policy hashing enabled
[    0.733639] ima: No TPM chip found, activating TPM-bypass! (rc=-19)
[    0.734854] ima: Allocated hash algorithm: sha1
[    0.735857] evm: HMAC attrs: 0x1
[    0.736961]   Magic number: 9:548:947
[    0.737700] tty tty4: hash matches
[    0.738397] memory memory0: hash matches
[    0.739252] rtc_cmos rtc_cmos: setting system clock to 2021-02-25 17:55:03 UTC (1614275703)
[    0.741295] BIOS EDD facility v0.16 2004-Jun-25, 0 devices found
[    0.742423] EDD information not available.
[    0.863688] Freeing unused kernel image memory: 2436K
[    0.876117] Write protecting the kernel read-only data: 20480k
[    0.878129] Freeing unused kernel image memory: 2008K
[    0.879455] Freeing unused kernel image memory: 1872K
[    0.893486] x86/mm: Checked W+X mappings: passed, no W+X pages found.
[    0.896396] x86/mm: Checking user space page tables
[    0.910316] x86/mm: Checked W+X mappings: passed, no W+X pages found.
Loading, please wait...
starting version 237
[    0.980895] e1000: Intel(R) PRO/1000 Network Driver - version 7.3.21-k8-NAPI
[    0.982232] e1000: Copyright (c) 1999-2006 Intel Corporation.
[    0.983757] Fusion MPT base driver 3.04.20
[    0.984563] Copyright (c) 1999-2008 LSI Corporation
[    0.989707] Fusion MPT SPI Host driver 3.04.20
[    1.007403] AVX2 version of gcm_enc/dec engaged.
[    1.008395] AES CTR mode by8 optimization enabled
[    1.206185] input: ImExPS/2 Generic Explorer Mouse as /devices/platform/i8042/serio1/input/input4
[    1.353056] e1000 0000:00:03.0 eth0: (PCI:33MHz:32-bit) 02:a6:ac:a9:9a:f4
[    1.354304] e1000 0000:00:03.0 eth0: Intel(R) PRO/1000 Network Connection
[    1.356601] mptbase: ioc0: Initiating bringup
[    2.324673] ioc0: LSI53C1030 A0: Capabilities={Initiator}
[    5.633066] scsi host2: ioc0: LSI53C1030 A0, FwRev=00000000h, Ports=1, MaxQ=256, IRQ=20
[    9.231434] scsi 2:0:0:0: Direct-Access     VBOX     HARDDISK         1.0  PQ: 0 ANSI: 5
[    9.522325] scsi target2:0:0: Beginning Domain Validation
[    9.580066] scsi target2:0:0: Domain Validation skipping write tests
[    9.581306] scsi target2:0:0: Ending Domain Validation
[    9.582356] scsi target2:0:0: asynchronous
[    9.583645] scsi 2:0:1:0: Direct-Access     VBOX     HARDDISK         1.0  PQ: 0 ANSI: 5
[    9.800119] scsi target2:0:1: Beginning Domain Validation
[    9.802361] random: fast init done
[    9.803164] scsi target2:0:1: Domain Validation skipping write tests
[    9.804300] scsi target2:0:1: Ending Domain Validation
[    9.805384] scsi target2:0:1: asynchronous
[    9.809928] random: systemd-udevd: uninitialized urandom read (16 bytes read)
[    9.810023] sd 2:0:0:0: Attached scsi generic sg0 type 0
[    9.812094] random: systemd-udevd: uninitialized urandom read (16 bytes read)
[    9.813813] sd 2:0:1:0: Attached scsi generic sg1 type 0
[    9.814583] random: systemd-udevd: uninitialized urandom read (16 bytes read)
[    9.816777] sd 2:0:0:0: [sda] 20971520 512-byte logical blocks: (10.7 GB/10.0 GiB)
[    9.818356] sd 2:0:1:0: [sdb] 20480 512-byte logical blocks: (10.5 MB/10.0 MiB)
[    9.820234] sd 2:0:0:0: [sda] Write Protect is off
[    9.821181] sd 2:0:1:0: [sdb] Write Protect is off
[    9.822442] sd 2:0:0:0: [sda] Incomplete mode parameter data
[    9.823465] sd 2:0:0:0: [sda] Assuming drive cache: write through
[    9.825892] sd 2:0:1:0: [sdb] Incomplete mode parameter data
[    9.826959] sd 2:0:1:0: [sdb] Assuming drive cache: write through
[    9.833451]  sda: sda1
[    9.834669] sd 2:0:0:0: [sda] Attached SCSI disk
[    9.835692] sd 2:0:1:0: [sdb] Attached SCSI disk
[    9.839861] e1000 0000:00:08.0 eth1: (PCI:33MHz:32-bit) 08:00:27:ae:f9:40
[    9.841105] e1000 0000:00:08.0 eth1: Intel(R) PRO/1000 Network Connection
[    9.843666] e1000 0000:00:08.0 enp0s8: renamed from eth1
[    9.860809] e1000 0000:00:03.0 enp0s3: renamed from eth0
Begin: Loading essential drivers ... [   11.260054] raid6: sse2x1   gen() 10987 MB/s
[   11.308033] raid6: sse2x1   xor()  7876 MB/s
[   11.356028] raid6: sse2x2   gen() 13146 MB/s
[   11.404029] raid6: sse2x2   xor()  8786 MB/s
[   11.452056] raid6: sse2x4   gen() 11769 MB/s
[   11.500057] raid6: sse2x4   xor()  5900 MB/s
[   11.548053] raid6: avx2x1   gen() 20433 MB/s
[   11.596044] raid6: avx2x1   xor() 13526 MB/s
[   11.644046] raid6: avx2x2   gen() 16181 MB/s
[   11.692069] raid6: avx2x2   xor() 11910 MB/s
[   11.740037] raid6: avx2x4   gen() 25167 MB/s
[   11.788027] raid6: avx2x4   xor() 15335 MB/s
[   11.788818] raid6: using algorithm avx2x4 gen() 25167 MB/s
[   11.789726] raid6: .... xor() 15335 MB/s, rmw enabled
[   11.790545] raid6: using avx2x2 recovery algorithm
[   11.793152] xor: automatically using best checksumming function   avx       
[   11.796341] async_tx: api initialized (async)
done.
Begin: Running /scripts/init-premount ... done.
Begin: Mounting root file system ... Begin: Running /scripts/local-top ... done.
Begin: Running /scripts/local-premount ... [   11.852497] Btrfs loaded, crc32c=crc32c-intel
Scanning for Btrfs filesystems
done.
Warning: fsck not present, so skipping root file system
[   11.879525] EXT4-fs (sda1): mounted filesystem with ordered data mode. Opts: (null)
done.
Begin: Running /scripts/local-bottom ... done.
Begin: Running /scripts/init-bottom ... done.
[   12.039621] ip_tables: (C) 2000-2006 Netfilter Core Team
[   12.048606] systemd[1]: systemd 237 running in system mode. (+PAM +AUDIT +SELINUX +IMA +APPARMOR +SMACK +SYSVINIT +UTMP +LIBCRYPTSETUP +GCRYPT +GNUTLS +ACL +XZ +LZ4 +SECCOMP +BLKID +ELFUTILS +KMOD -IDN2 +IDN -PCRE2 default-hierarchy=hybrid)
[   12.052999] systemd[1]: Detected virtualization oracle.
[   12.053992] systemd[1]: Detected architecture x86-64.

Welcome to [1mUbuntu 18.04.5 LTS[0m!

[   12.060716] systemd[1]: Set hostname to <ubuntu-bionic>.
[   12.330664] systemd[1]: Created slice System Slice.
[[0;32m  OK  [0m] Created slice System Slice.
[   12.332675] systemd[1]: Listening on Device-mapper event daemon FIFOs.
[[0;32m  OK  [0m] Listening on Device-mapper event daemon FIFOs.
[   12.334488] systemd[1]: Listening on /dev/initctl Compatibility Named Pipe.
[[0;32m  OK  [0m] Listening on /dev/initctl Compatibility Named Pipe.
[   12.336603] systemd[1]: Listening on Network Service Netlink Socket.
[[0;32m  OK  [0m] Listening on Network Service Netlink Socket.
[   12.338422] systemd[1]: Listening on Syslog Socket.
[[0;32m  OK  [0m] Listening on Syslog Socket.
[   12.339850] systemd[1]: Started Forward Password Requests to Wall Directory Watch.
[[0;32m  OK  [0m] Started Forward Password Requests to Wall Directory Watch.
[[0;32m  OK  [0m] Reached target Swap.
[[0;32m  OK  [0m] Listening on Journal Socket.
         Starting Load Kernel Modules...
         Starting Set the console keyboard layout...
         Starting Remount Root and Kernel File Systems...
         Mounting Kernel Debug File System...
[[0;32m  OK  [0m] Reached target System Time Synchronized.
[[0;32m  OK  [0m] Listening on udev Kernel Socket.
[   12.359919] Loading iSCSI transport class v2.0-870.
[[0;32m  OK  [0m] Set up automount Arbitrary Executabâ€¦rmats File System Automount Point.
[[0;32m  OK  [0m] Created slice system-serial\x2dgetty.slice.
         Mounting Huge Pages File System...
[[0;32m  OK  [0m] Listening on udev Control Socket.
         Starting udev Coldplug all Devices...
[[0;32m  OK  [0m] Listening on Journal Socket (/dev/log).
[[0;32m  OK  [0m] Listening on LVM2 metadata daemon socket.
         Starting Monitoring of LVM2 mirrorsâ€¦ng dmeventd or progress polling...
[   12.404576] iscsi: registered transport (tcp)
         Mounting POSIX Message Queue File System...
[[0;32m  OK  [0m] Listening on Journal Audit Socket.
         Starting Create list of required stâ€¦ce nodes for the current kernel...
         Starting Uncomplicated firewall...
         Starting Journal Service...
[[0;32m  OK  [0m] Reached target User and Group Name Lookups.
[[0;32m  OK  [0m] Listening on LVM2 poll daemon socket.
[[0;32m  OK  [0m] Created slice User and Session Slice.
[[0;32m  OK  [0m] Reached target Slices.
[[0;32m  OK  [0m] Mounted Kernel Debug File System.
[[0;32m  OK  [0m] Mounted Huge Pages File System.
[[0;32m  OK  [0m] Mounted POSIX Message Queue File System.
[[0;32m  OK  [0m] Started LVM2 metadata daemon.
[[0;32m  OK  [0m] Started Create list of required staâ€¦vice nodes for the current kernel.
         Starting Create Static Device Nodes in /dev...
[[0;32m  OK  [0m] Started Uncomplicated firewall.
[[0;32m  OK  [0m] Started udev Coldplug all Devices.
[   12.467115] iscsi: registered transport (iser)
[[0;32m  OK  [0m] Started Load Kernel Modules.
         Mounting Kernel Configuration File System...
         Mounting FUSE Control File System...
         Starting Apply Kernel Variables...
[[0;32m  OK  [0m] Mounted Kernel Configuration File System.
[[0;32m  OK  [0m] Mounted FUSE Control File System.
[   12.489899] EXT4-fs (sda1): re-mounted. Opts: (null)
[[0;32m  OK  [0m] Started Remount Root and Kernel File Systems.
         Starting Load/Save Random Seed...
[[0;32m  OK  [0m] Started Journal Service.
[[0;32m  OK  [0m] Started Create Static Device Nodes in /dev.
         Starting udev Kernel Device Manager...
         Starting Flush Journal to Persistent Storage...
[[0;32m  OK  [0m] Started Load/Save Random Seed.
[[0;32m  OK  [0m] Started Apply Kernel Variables.
[[0;32m  OK  [0m] Started Monitoring of LVM2 mirrors,â€¦sing dmeventd or progress polling.
[[0;32m  OK  [0m] Started udev Kernel Device Manager.
[[0;32m  OK  [0m] Started Flush Journal to Persistent Storage.
[[0;32m  OK  [0m] Found device /dev/ttyS0.
[[0;32m  OK  [0m] Listening on Load/Save RF Kill Switch Status /dev/rfkill Watch.
[[0;32m  OK  [0m] Started Set the console keyboard layout.
[[0;32m  OK  [0m] Reached target Local File Systems (Pre).
         Mounting /vagrant_data...
[[0;32m  OK  [0m] Reached target Local File Systems.
         Starting Tell Plymouth To Write Out Runtime Data...
         Starting Create Volatile Files and Directories...
         Starting ebtables ruleset management...
         Starting Set console font and keymap...
         Starting AppArmor initialization...
[[0;32m  OK  [0m] Started Dispatch Password Requests to Console Directory Watch.
[[0;32m  OK  [0m] Reached target Local Encrypted Volumes.
[[0;32m  OK  [0m] Started Tell Plymouth To Write Out Runtime Data.
[[0;32m  OK  [0m] Started Set console font and keymap.
[[0;32m  OK  [0m] Mounted /vagrant_data.
[[0;32m  OK  [0m] Started Create Volatile Files and Directories.
         Starting Update UTMP about System Boot/Shutdown...
[[0;32m  OK  [0m] Started Update UTMP about System Boot/Shutdown.
[[0;32m  OK  [0m] Started ebtables ruleset management.
[[0;32m  OK  [0m] Started AppArmor initialization.
         Starting Initial cloud-init job (pre-networking)...
         Starting Load AppArmor profiles managed internally by snapd...
[[0;32m  OK  [0m] Started Load AppArmor profiles managed internally by snapd.
[   14.622138] cloud-init[699]: Cloud-init v. 20.3-2-g371b392c-0ubuntu1~18.04.1 running 'init-local' at Thu, 25 Feb 2021 17:55:17 +0000. Up 14.43 seconds.
[[0;32m  OK  [0m] Started Initial cloud-init job (pre-networking).
[[0;32m  OK  [0m] Reached target Network (Pre).
         Starting Network Service...
[[0;32m  OK  [0m] Started Network Service.
         Starting Wait for Network to be Configured...
         Starting Network Name Resolution...
[[0;32m  OK  [0m] Started Network Name Resolution.
[[0;32m  OK  [0m] Reached target Host and Network Name Lookups.
[[0;32m  OK  [0m] Reached target Network.
[[0;32m  OK  [0m] Started Wait for Network to be Configured.
         Starting Initial cloud-init job (metadata service crawler)...
[   17.274963] cloud-init[836]: Cloud-init v. 20.3-2-g371b392c-0ubuntu1~18.04.1 running 'init' at Thu, 25 Feb 2021 17:55:19 +0000. Up 17.14 seconds.
[   17.288255] cloud-init[836]: ci-info: ++++++++++++++++++++++++++++++++++++++Net device info+++++++++++++++++++++++++++++++++++++++
[   17.289467] cloud-init[836]: ci-info: +--------+------+-----------------------------+---------------+--------+-------------------+
[   17.304229] cloud-init[836]: ci-info: | Device |  Up  |           Address           |      Mask     | Scope  |     Hw-Address    |
[   17.305539] cloud-init[836]: ci-info: +--------+------+-----------------------------+---------------+--------+-------------------+
[   17.306861] cloud-init[836]: ci-info: | enp0s3 | True |          10.0.2.15          | 255.255.255.0 | global | 02:a6:ac:a9:9a:f4 |
[   17.308226] cloud-init[836]: ci-info: | enp0s3 | True |  fe80::a6:acff:fea9:9af4/64 |       .       |  link  | 02:a6:ac:a9:9a:f4 |
[   17.309655] cloud-init[836]: ci-info: | enp0s8 | True |       100.104.146.213       | 255.255.255.0 | global | 08:00:27:ae:f9:40 |
[   17.310952] cloud-init[836]: ci-info: | enp0s8 | True | fe80::a00:27ff:feae:f940/64 |       .       |  link  | 08:00:27:ae:f9:40 |
[   17.312290] cloud-init[836]: ci-info: |   lo   | True |          127.0.0.1          |   255.0.0.0   |  host  |         .         |
[   17.313547] cloud-init[836]: ci-info: |   lo   | True |           ::1/128           |       .       |  host  |         .         |
[   17.314849] cloud-init[836]: ci-info: +--------+------+-----------------------------+---------------+--------+-------------------+
[   17.316275] cloud-init[836]: ci-info: +++++++++++++++++++++++++++++Route IPv4 info++++++++++++++++++++++++++++++
[   17.317383] cloud-init[836]: ci-info: +-------+---------------+----------+-----------------+-----------+-------+
[   17.318586] cloud-init[836]: ci-info: | Route |  Destination  | Gateway  |     Genmask     | Interface | Flags |
[   17.319569] cloud-init[836]: ci-info: +-------+---------------+----------+-----------------+-----------+-------+
[   17.320811] cloud-init[836]: ci-info: |   0   |    0.0.0.0    | 10.0.2.2 |     0.0.0.0     |   enp0s3  |   UG  |
[   17.321927] cloud-init[836]: ci-info: |   1   |    10.0.2.0   | 0.0.0.0  |  255.255.255.0  |   enp0s3  |   U   |
[   17.323042] cloud-init[836]: ci-info: |   2   |    10.0.2.2   | 0.0.0.0  | 255.255.255.255 |   enp0s3  |   UH  |
[   17.324048] cloud-init[836]: ci-info: |   3   | 100.104.146.0 | 0.0.0.0  |  255.255.255.0  |   enp0s8  |   U   |
[   17.325170] cloud-init[836]: ci-info: +-------+---------------+----------+-----------------+-----------+-------+
[   17.328227] cloud-init[836]: ci-info: +++++++++++++++++++Route IPv6 info+++++++++++++++++++
[   17.329096] cloud-init[836]: ci-info: +-------+-------------+---------+-----------+-------+
[   17.329970] cloud-init[836]: ci-info: | Route | Destination | Gateway | Interface | Flags |
[   17.331026] cloud-init[836]: ci-info: +-------+-------------+---------+-----------+-------+
[   17.332175] cloud-init[836]: ci-info: |   1   |  fe80::/64  |    ::   |   enp0s3  |   U   |
[   17.333024] cloud-init[836]: ci-info: |   2   |  fe80::/64  |    ::   |   enp0s8  |   U   |
[   17.334012] cloud-init[836]: ci-info: |   4   |    local    |    ::   |   enp0s3  |   U   |
[   17.335112] cloud-init[836]: ci-info: |   5   |    local    |    ::   |   enp0s8  |   U   |
[   17.336185] cloud-init[836]: ci-info: |   6   |   ff00::/8  |    ::   |   enp0s3  |   U   |
[   17.337065] cloud-init[836]: ci-info: |   7   |   ff00::/8  |    ::   |   enp0s8  |   U   |
[   17.337983] cloud-init[836]: ci-info: +-------+-------------+---------+-----------+-------+
[[0;32m  OK  [0m] Started Initial cloud-init job (metadata service crawler).
[[0;32m  OK  [0m] Reached target Network is Online.
[[0;32m  OK  [0m] Reached target Remote File Systems (Pre).
[[0;32m  OK  [0m] Reached target Remote File Systems.
         Starting Availability of block devices...
[[0;32m  OK  [0m] Reached target Cloud-config availability.
[[0;32m  OK  [0m] Reached target System Initialization.
[[0;32m  OK  [0m] Started ACPI Events Check.
[[0;32m  OK  [0m] Listening on Open-iSCSI iscsid Socket.
         Starting Socket activation for snappy daemon.
[[0;32m  OK  [0m] Reached target Paths.
[[0;32m  OK  [0m] Started Daily apt download activities.
         Starting LXD - unix socket.
[[0;32m  OK  [0m] Listening on ACPID Listen Socket.
[[0;32m  OK  [0m] Started Daily Cleanup of Temporary Directories.
[[0;32m  OK  [0m] Started Discard unused blocks once a week.
[[0;32m  OK  [0m] Started Daily apt upgrade and clean activities.
[[0;32m  OK  [0m] Listening on D-Bus System Message Bus Socket.
[[0;32m  OK  [0m] Listening on UUID daemon activation socket.
[[0;32m  OK  [0m] Started Message of the Day.
[[0;32m  OK  [0m] Reached target Timers.
[[0;32m  OK  [0m] Started Availability of block devices.
[[0;32m  OK  [0m] Listening on Socket activation for snappy daemon.
[[0;32m  OK  [0m] Listening on LXD - unix socket.
[[0;32m  OK  [0m] Reached target Sockets.
[[0;32m  OK  [0m] Reached target Basic System.
[[0;32m  OK  [0m] Started irqbalance daemon.
         Starting Login Service...
[[0;32m  OK  [0m] Started Deferred execution scheduler.
         Starting Accounts Service...
         Starting Permit User Sessions...
         Starting Virtualbox guest utils...
         Starting LSB: Record successful boot for GRUB...
         Starting LXD - container startup/shutdown...
         Starting The Apache HTTP Server...
[[0;32m  OK  [0m] Started Regular background program processing daemon.
         Starting Dispatcher daemon for systemd-networkd...
[[0;32m  OK  [0m] Started FUSE filesystem for LXC.
[[0;32m  OK  [0m] Started D-Bus System Message Bus.
[[0;32m  OK  [0m] Started Login Service.
[[0;32m  OK  [0m] Started Unattended Upgrades Shutdown.
         Starting OpenBSD Secure Shell server...
         Starting LSB: automatic crash report generation...
         Starting System Logging Service...
         Starting Snap Daemon...
[[0;32m  OK  [0m] Started Permit User Sessions.
[[0;32m  OK  [0m] Started System Logging Service.
         Starting Authorization Manager...
         Starting Hold until boot process finishes up...
         Starting Terminate Plymouth Boot Screen...
[[0;32m  OK  [0m] Started Hold until boot process finishes up.
[[0;32m  OK  [0m] Started Serial Getty on ttyS0.
         Starting Set console scheme...
[[0;32m  OK  [0m] Started Terminate Plymouth Boot Screen.
[[0;32m  OK  [0m] Started Authorization Manager.
[[0;32m  OK  [0m] Started Accounts Service.
[[0;32m  OK  [0m] Started Set console scheme.
[[0;32m  OK  [0m] Created slice system-getty.slice.
[[0;32m  OK  [0m] Started Getty on tty1.
[[0;32m  OK  [0m] Reached target Login Prompts.
[[0;32m  OK  [0m] Started LXD - container startup/shutdown.
[[0;32m  OK  [0m] Started Virtualbox guest utils.
[[0;32m  OK  [0m] Started LSB: automatic crash report generation.
[[0;32m  OK  [0m] Started OpenBSD Secure Shell server.
[[0;32m  OK  [0m] Started LSB: Record successful boot for GRUB.
[[0;32m  OK  [0m] Started The Apache HTTP Server.
[[0;32m  OK  [0m] Started Dispatcher daemon for systemd-networkd.
[[0;32m  OK  [0m] Started Snap Daemon.
         Starting Wait until snapd is fully seeded...
[[0;32m  OK  [0m] Started Wait until snapd is fully seeded.
         Starting Apply the settings specified in cloud-config...
[[0;32m  OK  [0m] Reached target Multi-User System.
[[0;32m  OK  [0m] Reached target Graphical Interface.
         Starting Update UTMP about System Runlevel Changes...
[[0;32m  OK  [0m] Started Update UTMP about System Runlevel Changes.
[   18.923266] cloud-init[1334]: Cloud-init v. 20.3-2-g371b392c-0ubuntu1~18.04.1 running 'modules:config' at Thu, 25 Feb 2021 17:55:21 +0000. Up 18.82 seconds.
[[0;32m  OK  [0m] Started Apply the settings specified in cloud-config.
         Starting Execute cloud user/final scripts...
[[0;32m  OK  [0m] Created slice User Slice of vagrant.
         Starting User Manager for UID 1000...
[[0;32m  OK  [0m] Started Session 1 of user vagrant.
[[0;32m  OK  [0m] Started User Manager for UID 1000.
[   19.571448] cloud-init[1380]: Cloud-init v. 20.3-2-g371b392c-0ubuntu1~18.04.1 running 'modules:final' at Thu, 25 Feb 2021 17:55:22 +0000. Up 19.39 seconds.
[   19.573149] cloud-init[1380]: Cloud-init v. 20.3-2-g371b392c-0ubuntu1~18.04.1 finished at Thu, 25 Feb 2021 17:55:22 +0000. Datasource DataSourceNoCloud [seed=/dev/sdb][dsmode=net].  Up 19.56 seconds
[[0;32m  OK  [0m] Started Execute cloud user/final scripts.
[[0;32m  OK  [0m] Reached target Cloud-init target.

Ubuntu 18.04.5 LTS ubuntu-bionic ttyS0

ubuntu-bionic login: [[0;32m  OK  [0m] Stopped Unattended Upgrades Shutdown.
[[0;32m  OK  [0m] Stopped target Graphical Interface.
         Stopping Accounts Service...
         Unmounting /vagrant_data...
[[0;32m  OK  [0m] Stopped target Cloud-init target.
[[0;32m  OK  [0m] Stopped Execute cloud user/final scripts.
         Stopping Availability of block devices...
         Stopping Session 7 of user vagrant.
[[0;32m  OK  [0m] Stopped target Multi-User System.
         Stopping D-Bus System Message Bus...
         Stopping OpenBSD Secure Shell server...
[[0;32m  OK  [0m] Stopped target Login Prompts.
         Stopping Getty on tty1...
         Stopping Regular background program processing daemon...
         Stopping FUSE filesystem for LXC...
         Stopping The Apache HTTP Server...
         Stopping irqbalance daemon...
         Stopping Virtualbox guest utils...
         Stopping Authorization Manager...
         Stopping Serial Getty on ttyS0...
[[0;32m  OK  [0m] Stopped Apply the settings specified in cloud-config.
[[0;32m  OK  [0m] Stopped target Network is Online.
[[0;32m  OK  [0m] Stopped target Cloud-config availability.
         Stopping LSB: Record successful boot for GRUB...
         Stopping LSB: automatic crash report generation...
         Stopping System Logging Service...
[[0;32m  OK  [0m] Stopped Wait until snapd is fully seeded.
         Stopping LXD - container startup/shutdown...
         Stopping Deferred execution scheduler...
         Stopping User Manager for UID 1000...
[[0;32m  OK  [0m] Closed Load/Save RF Kill Switch Status /dev/rfkill Watch.
         Stopping Dispatcher daemon for systemd-networkd...
[[0;32m  OK  [0m] Stopped target Timers.
[[0;32m  OK  [0m] Stopped Daily apt upgrade and clean activities.
[[0;32m  OK  [0m] Stopped Daily apt download activities.
[[0;32m  OK  [0m] Stopped Message of the Day.
[[0;32m  OK  [0m] Stopped Daily Cleanup of Temporary Directories.
[[0;32m  OK  [0m] Stopped Discard unused blocks once a week.
[[0;32m  OK  [0m] Stopped target System Time Synchronized.
[[0;32m  OK  [0m] Unmounted /var/lib/lxcfs.
[[0;32m  OK  [0m] Stopped irqbalance daemon.
[[0;32m  OK  [0m] Stopped Deferred execution scheduler.
[[0;32m  OK  [0m] Stopped Accounts Service.
[[0;32m  OK  [0m] Stopped Regular background program processing daemon.
[[0;32m  OK  [0m] Stopped Dispatcher daemon for systemd-networkd.
[[0;32m  OK  [0m] Stopped System Logging Service.
[[0;32m  OK  [0m] Stopped Authorization Manager.
[[0;32m  OK  [0m] Stopped Serial Getty on ttyS0.
[[0;32m  OK  [0m] Stopped Getty on tty1.
[[0;32m  OK  [0m] Stopped OpenBSD Secure Shell server.
[[0;32m  OK  [0m] Stopped User Manager for UID 1000.
[[0;32m  OK  [0m] Stopped Availability of block devices.
[[0;32m  OK  [0m] Stopped D-Bus System Message Bus.
[[0;32m  OK  [0m] Stopped FUSE filesystem for LXC.
[[0;32m  OK  [0m] Unmounted /vagrant_data.
[[0;32m  OK  [0m] Stopped Session 7 of user vagrant.
[[0;32m  OK  [0m] Removed slice User Slice of vagrant.
         Stopping Login Service...
[[0;32m  OK  [0m] Removed slice system-getty.slice.
         Stopping Permit User Sessions...
[[0;32m  OK  [0m] Removed slice system-serial\x2dgetty.slice.
[[0;32m  OK  [0m] Stopped The Apache HTTP Server.
[[0;32m  OK  [0m] Stopped LXD - container startup/shutdown.
[[0;32m  OK  [0m] Stopped target Host and Network Name Lookups.
[[0;32m  OK  [0m] Stopped LSB: Record successful boot for GRUB.
[[0;32m  OK  [0m] Stopped LSB: automatic crash report generation.
[[0;32m  OK  [0m] Stopped Permit User Sessions.
[[0;32m  OK  [0m] Stopped target Remote File Systems.
[[0;32m  OK  [0m] Stopped target Remote File Systems (Pre).
[[0;32m  OK  [0m] Stopped target Network.
         Stopping Network Name Resolution...
[[0;32m  OK  [0m] Stopped Virtualbox guest utils.
[[0;32m  OK  [0m] Stopped Network Name Resolution.
         Stopping Network Service...
[[0;32m  OK  [0m] Stopped Login Service.
[[0;32m  OK  [0m] Stopped target User and Group Name Lookups.
[[0;32m  OK  [0m] Stopped target Basic System.
[[0;32m  OK  [0m] Stopped target Paths.
[[0;32m  OK  [0m] Stopped ACPI Events Check.
[[0;32m  OK  [0m] Stopped target Slices.
[[0;32m  OK  [0m] Stopped target Sockets.
[[0;32m  OK  [0m] Closed ACPID Listen Socket.
[[0;32m  OK  [0m] Closed Socket activation for snappy daemon.
[[0;32m  OK  [0m] Closed Syslog Socket.
[[0;32m  OK  [0m] Closed UUID daemon activation socket.
[[0;32m  OK  [0m] Closed LXD - unix socket.
[[0;32m  OK  [0m] Closed Open-iSCSI iscsid Socket.
[[0;32m  OK  [0m] Removed slice User and Session Slice.
[[0;32m  OK  [0m] Closed D-Bus System Message Bus Socket.
[[0;32m  OK  [0m] Stopped target System Initialization.
         Stopping Update UTMP about System Boot/Shutdown...
[[0;32m  OK  [0m] Stopped target Local Encrypted Volumes.
[[0;32m  OK  [0m] Stopped Dispatch Password Requests to Console Directory Watch.
[[0;32m  OK  [0m] Stopped Forward Password Requests to Wall Directory Watch.
[[0;32m  OK  [0m] Stopped Initial cloud-init job (metadata service crawler).
         Stopping Load/Save Random Seed...
[[0;32m  OK  [0m] Stopped Network Service.
[[0;32m  OK  [0m] Stopped target Network (Pre).
[[0;32m  OK  [0m] Stopped Initial cloud-init job (pre-networking).
[[0;32m  OK  [0m] Stopped Apply Kernel Variables.
[[0;32m  OK  [0m] Stopped Load Kernel Modules.
[[0;32m  OK  [0m] Stopped Update UTMP about System Boot/Shutdown.
[[0;32m  OK  [0m] Stopped Create Volatile Files and Directories.
[[0;32m  OK  [0m] Stopped target Local File Systems.
         Unmounting /run/user/1000...
[[0;32m  OK  [0m] Stopped Load/Save Random Seed.
[[0;32m  OK  [0m] Unmounted /run/user/1000.
[[0;32m  OK  [0m] Reached target Unmount All Filesystems.
[[0;32m  OK  [0m] Stopped target Swap.
[[0;32m  OK  [0m] Stopped target Local File Systems (Pre).
[[0;32m  OK  [0m] Stopped Create Static Device Nodes in /dev.
[[0;32m  OK  [0m] Stopped Remount Root and Kernel File Systems.
[[0;32m  OK  [0m] Reached target Shutdown.
[[0;32m  OK  [0m] Reached target Final Step.
         Starting Power-Off...
         Stopping Monitoring of LVM2 mirrorsâ€¦ng dmeventd or progress polling...
[  831.266035] reboot: Power down
