pankrys@ubuntu:~/project/automaker-homework-to-git/12$ git merge hotfix/we_gonna_die
Merge made by the 'recursive' strategy.
 .txt | 1 +
 1 file changed, 1 insertion(+)
 create mode 100644 .txt
 
pankrys@ubuntu:~/project/automaker-homework-to-git/12$ git checkout dev
Переключено на ветку «dev»
 pankrys@ubuntu:~/project/automaker-homework-to-git/12$ git cherry-pick dc10f1a
[dev 46e6651] hotfix
 Date: Mon Aug 12 17:49:34 2019 +0300
 1 file changed, 1 insertion(+)
 create mode 100644 .txt
 
 pankrys@ubuntu:~/project/automaker-homework-to-git/12$ git checkout features/do_one
Переключено на ветку «features/do_one»
pankrys@ubuntu:~/project/automaker-homework-to-git/12$ git cherry-pick dc10f1a
[features/do_one dcce271] hotfix
 Date: Mon Aug 12 17:49:34 2019 +0300
 1 file changed, 1 insertion(+)
 create mode 100644 .txtpankrys@ubuntu:~/project/automaker-homework-to-git/12$ git merge hotfix/we_gonna_die
Merge made by the 'recursive' strategy.
 .txt | 1 +
 1 file changed, 1 insertion(+)
 create mode 100644 .txt
 
pankrys@ubuntu:~/project/automaker-homework-to-git/12$ git checkout dev
Переключено на ветку «dev»
 pankrys@ubuntu:~/project/automaker-homework-to-git/12$ git cherry-pick dc10f1a
[dev 46e6651] hotfix
 Date: Mon Aug 12 17:49:34 2019 +0300
 1 file changed, 1 insertion(+)
 create mode 100644 .txt
 
 pankrys@ubuntu:~/project/automaker-homework-to-git/12$ git checkout features/do_one
Переключено на ветку «features/do_one»
pankrys@ubuntu:~/project/automaker-homework-to-git/12$ git cherry-pick dc10f1a
[features/do_one dcce271] hotfix
 Date: Mon Aug 12 17:49:34 2019 +0300
 1 file changed, 1 insertion(+)
 create mode 100644 .txt
